Archive member included to satisfy reference by file (symbol)

/Users/zanderchierici/.pico-sdk/toolchain/14_2_Rel1/bin/../lib/gcc/arm-none-eabi/14.2.1/../../../../arm-none-eabi/lib/thumb/v8-m.main+fp/softfp/libm.a(libm_a-wf_sqrt.o)
                              CMakeFiles/HW3.dir/Users/zanderchierici/.pico-sdk/sdk/2.1.1/src/rp2_common/pico_float/float_math.c.o (sqrtf)
/Users/zanderchierici/.pico-sdk/toolchain/14_2_Rel1/bin/../lib/gcc/arm-none-eabi/14.2.1/../../../../arm-none-eabi/lib/thumb/v8-m.main+fp/softfp/libm.a(libm_a-ef_sqrt.o)
                              /Users/zanderchierici/.pico-sdk/toolchain/14_2_Rel1/bin/../lib/gcc/arm-none-eabi/14.2.1/../../../../arm-none-eabi/lib/thumb/v8-m.main+fp/softfp/libm.a(libm_a-wf_sqrt.o) (__ieee754_sqrtf)
/Users/zanderchierici/.pico-sdk/toolchain/14_2_Rel1/bin/../lib/gcc/arm-none-eabi/14.2.1/thumb/v8-m.main+fp/softfp/libgcc.a(_arm_addsubdf3.o)
                              CMakeFiles/HW3.dir/HW3.c.o (__aeabi_f2d)
/Users/zanderchierici/.pico-sdk/toolchain/14_2_Rel1/bin/../lib/gcc/arm-none-eabi/14.2.1/thumb/v8-m.main+fp/softfp/libgcc.a(_aeabi_ldivmod.o)
                              CMakeFiles/HW3.dir/Users/zanderchierici/.pico-sdk/sdk/2.1.1/src/common/pico_time/time.c.o (__aeabi_ldivmod)
/Users/zanderchierici/.pico-sdk/toolchain/14_2_Rel1/bin/../lib/gcc/arm-none-eabi/14.2.1/thumb/v8-m.main+fp/softfp/libgcc.a(_aeabi_uldivmod.o)
                              CMakeFiles/HW3.dir/Users/zanderchierici/.pico-sdk/sdk/2.1.1/src/rp2_common/hardware_clocks/clocks.c.o (__aeabi_uldivmod)
/Users/zanderchierici/.pico-sdk/toolchain/14_2_Rel1/bin/../lib/gcc/arm-none-eabi/14.2.1/thumb/v8-m.main+fp/softfp/libgcc.a(_udivmoddi4.o)
                              /Users/zanderchierici/.pico-sdk/toolchain/14_2_Rel1/bin/../lib/gcc/arm-none-eabi/14.2.1/thumb/v8-m.main+fp/softfp/libgcc.a(_aeabi_ldivmod.o) (__udivmoddi4)
/Users/zanderchierici/.pico-sdk/toolchain/14_2_Rel1/bin/../lib/gcc/arm-none-eabi/14.2.1/thumb/v8-m.main+fp/softfp/libgcc.a(_dvmd_tls.o)
                              /Users/zanderchierici/.pico-sdk/toolchain/14_2_Rel1/bin/../lib/gcc/arm-none-eabi/14.2.1/thumb/v8-m.main+fp/softfp/libgcc.a(_aeabi_ldivmod.o) (__aeabi_ldiv0)
/Users/zanderchierici/.pico-sdk/toolchain/14_2_Rel1/bin/../lib/gcc/arm-none-eabi/14.2.1/../../../../arm-none-eabi/lib/thumb/v8-m.main+fp/softfp/libg.a(libc_a-calloc.o)
                              CMakeFiles/HW3.dir/Users/zanderchierici/.pico-sdk/sdk/2.1.1/src/rp2_common/pico_malloc/malloc.c.o (calloc)
/Users/zanderchierici/.pico-sdk/toolchain/14_2_Rel1/bin/../lib/gcc/arm-none-eabi/14.2.1/../../../../arm-none-eabi/lib/thumb/v8-m.main+fp/softfp/libg.a(libc_a-callocr.o)
                              /Users/zanderchierici/.pico-sdk/toolchain/14_2_Rel1/bin/../lib/gcc/arm-none-eabi/14.2.1/../../../../arm-none-eabi/lib/thumb/v8-m.main+fp/softfp/libg.a(libc_a-calloc.o) (_calloc_r)
/Users/zanderchierici/.pico-sdk/toolchain/14_2_Rel1/bin/../lib/gcc/arm-none-eabi/14.2.1/../../../../arm-none-eabi/lib/thumb/v8-m.main+fp/softfp/libg.a(libc_a-malloc.o)
                              CMakeFiles/HW3.dir/Users/zanderchierici/.pico-sdk/sdk/2.1.1/src/rp2_common/pico_malloc/malloc.c.o (malloc)
/Users/zanderchierici/.pico-sdk/toolchain/14_2_Rel1/bin/../lib/gcc/arm-none-eabi/14.2.1/../../../../arm-none-eabi/lib/thumb/v8-m.main+fp/softfp/libg.a(libc_a-mallocr.o)
                              /Users/zanderchierici/.pico-sdk/toolchain/14_2_Rel1/bin/../lib/gcc/arm-none-eabi/14.2.1/../../../../arm-none-eabi/lib/thumb/v8-m.main+fp/softfp/libg.a(libc_a-callocr.o) (_malloc_r)
/Users/zanderchierici/.pico-sdk/toolchain/14_2_Rel1/bin/../lib/gcc/arm-none-eabi/14.2.1/../../../../arm-none-eabi/lib/thumb/v8-m.main+fp/softfp/libg.a(libc_a-mlock.o)
                              /Users/zanderchierici/.pico-sdk/toolchain/14_2_Rel1/bin/../lib/gcc/arm-none-eabi/14.2.1/../../../../arm-none-eabi/lib/thumb/v8-m.main+fp/softfp/libg.a(libc_a-mallocr.o) (__malloc_lock)
/Users/zanderchierici/.pico-sdk/toolchain/14_2_Rel1/bin/../lib/gcc/arm-none-eabi/14.2.1/../../../../arm-none-eabi/lib/thumb/v8-m.main+fp/softfp/libg.a(libc_a-realloc.o)
                              CMakeFiles/HW3.dir/Users/zanderchierici/.pico-sdk/sdk/2.1.1/src/rp2_common/pico_malloc/malloc.c.o (realloc)
/Users/zanderchierici/.pico-sdk/toolchain/14_2_Rel1/bin/../lib/gcc/arm-none-eabi/14.2.1/../../../../arm-none-eabi/lib/thumb/v8-m.main+fp/softfp/libg.a(libc_a-reallocr.o)
                              /Users/zanderchierici/.pico-sdk/toolchain/14_2_Rel1/bin/../lib/gcc/arm-none-eabi/14.2.1/../../../../arm-none-eabi/lib/thumb/v8-m.main+fp/softfp/libg.a(libc_a-realloc.o) (_realloc_r)
/Users/zanderchierici/.pico-sdk/toolchain/14_2_Rel1/bin/../lib/gcc/arm-none-eabi/14.2.1/../../../../arm-none-eabi/lib/thumb/v8-m.main+fp/softfp/libg.a(libc_a-scanf.o)
                              CMakeFiles/HW3.dir/HW3.c.o (scanf)
[...]
Memory Configuration

Name             Origin             Length             Attributes
FLASH            0x10000000         0x00400000         xr
RAM              0x20000000         0x00080000         xrw
SCRATCH_X        0x20080000         0x00001000         xrw
SCRATCH_Y        0x20081000         0x00001000         xrw
*default*        0x00000000         0xffffffff

Linker script and memory map

LOAD /Users/zanderchierici/.pico-sdk/toolchain/14_2_Rel1/bin/../lib/gcc/arm-none-eabi/14.2.1/thumb/v8-m.main+fp/softfp/crti.o
LOAD /Users/zanderchierici/.pico-sdk/toolchain/14_2_Rel1/bin/../lib/gcc/arm-none-eabi/14.2.1/thumb/v8-m.main+fp/softfp/crtbegin.o
LOAD /Users/zanderchierici/.pico-sdk/toolchain/14_2_Rel1/bin/../lib/gcc/arm-none-eabi/14.2.1/../../../../arm-none-eabi/lib/thumb/v8-m.main+fp/softfp/crt0.o

.flash_begin    0x10000000        0x0
                0x10000000                        __flash_binary_start = .

.text           0x10000000     0xcd60
                0x10000000                        __logical_binary_start = .
 *(.vectors)
 .vectors       0x10000000      0x124 CMakeFiles/HW3.dir/Users/zanderchierici/.pico-sdk/sdk/2.1.1/src/rp2_common/pico_crt0/crt0.S.o
                0x10000000                __vectors
                0x10000000                __VECTOR_TABLE
                0x10000110                __default_isrs_start
                0x10000110                isr_invalid
                0x10000112                isr_nmi
                0x10000114                isr_hardfault
                0x10000116                isr_svcall
                0x10000118                isr_pendsv
                0x1000011a                isr_systick
                0x1000011c                isr_irq5
                0x1000011c                isr_irq11
                0x1000011c                isr_irq23
                0x1000011c                isr_irq48
                0x1000011c                isr_irq35
                0x1000011c                isr_irq18
                0x1000011c                isr_irq50
                0x1000011c                isr_irq40
                0x1000011c                isr_irq28
                0x1000011c                isr_irq19
                0x1000011c                isr_irq36
                0x1000011c                isr_irq41
                0x1000011c                isr_irq0
                0x1000011c                isr_irq6
                0x1000011c                isr_irq37
                0x1000011c                isr_irq42
                0x1000011c                isr_irq22
                0x1000011c                isr_irq17
                0x1000011c                isr_irq38
                0x1000011c                isr_irq14
                0x1000011c                isr_irq2
                0x1000011c                isr_irq10
                0x1000011c                isr_irq8
                0x1000011c                isr_irq24
                0x1000011c                isr_irq46
                0x1000011c                isr_irq1
                0x1000011c                isr_irq47
                0x1000011c                isr_irq51
                0x1000011c                isr_irq7
                0x1000011c                isr_irq21
                0x1000011c                isr_irq39
                0x1000011c                isr_irq20
                0x1000011c                isr_irq15
                0x1000011c                isr_irq25
                0x1000011c                isr_irq34
                0x1000011c                isr_irq4
                0x1000011c                isr_irq16
                0x1000011c                isr_irq44
                0x1000011c                isr_irq29
                0x1000011c                isr_irq26
                0x1000011c                __default_isrs_end
                0x1000011c                isr_irq33
                0x1000011c                isr_irq3
                0x1000011c                isr_irq9
                0x1000011c                __unhandled_user_irq
                0x1000011c                isr_irq49
                0x1000011c                isr_irq13
                0x1000011c                isr_irq43
                0x1000011c                isr_irq45
                0x1000011c                isr_irq27
                0x1000011c                isr_irq32
                0x1000011c                isr_irq31
                0x1000011c                isr_irq30
                0x1000011c                isr_irq12
                0x10000122                unhandled_user_irq_num_in_r0
 *(.binary_info_header)
 .binary_info_header
                0x10000124       0x14 CMakeFiles/HW3.dir/Users/zanderchierici/.pico-sdk/sdk/2.1.1/src/rp2_common/pico_crt0/crt0.S.o
                0x10000138                        __binary_info_header_end = .
 *(.embedded_block)
 .embedded_block
                0x10000138       0x14 CMakeFiles/HW3.dir/Users/zanderchierici/.pico-sdk/sdk/2.1.1/src/rp2_common/pico_crt0/crt0.S.o
                0x1000014c                        __embedded_block_end = .
 *(.reset)
 .reset         0x1000014c       0xa0 CMakeFiles/HW3.dir/Users/zanderchierici/.pico-sdk/sdk/2.1.1/src/rp2_common/pico_crt0/crt0.S.o
                0x1000014c                _entry_point
 *(.init)
 .init          0x100001ec        0x4 /Users/zanderchierici/.pico-sdk/toolchain/14_2_Rel1/bin/../lib/gcc/arm-none-eabi/14.2.1/thumb/v8-m.main+fp/softfp/crti.o
                0x100001ec                _init
 SORT_BY_NAME(REVERSE(*libgcc.a:cmse_nonsecure_call.o))()
 *(EXCLUDE_FILE(*libm.a: *libc.a:*lib_a-mem*.o *libgcc.a:) .text*)
 .text.register_tm_clones
                0x100001f0       0x28 /Users/zanderchierici/.pico-sdk/toolchain/14_2_Rel1/bin/../lib/gcc/arm-none-eabi/14.2.1/thumb/v8-m.main+fp/softfp/crtbegin.o
 .text.frame_dummy
                0x10000218       0x24 /Users/zanderchierici/.pico-sdk/toolchain/14_2_Rel1/bin/../lib/gcc/arm-none-eabi/14.2.1/thumb/v8-m.main+fp/softfp/crtbegin.o
 .text.gpio_callback
                0x1000023c       0x24 CMakeFiles/HW3.dir/HW3.c.o
                0x1000023c                gpio_callback
 .text.startup.main
                0x10000260      0x184 CMakeFiles/HW3.dir/HW3.c.o
                0x10000260                main
 .text.gpio_default_irq_handler
                0x100003e4      0x1d4 CMakeFiles/HW3.dir/Users/zanderchierici/.pico-sdk/sdk/2.1.1/src/rp2_common/hardware_gpio/gpio.c.o
 .text.gpio_set_function
                0x100005b8       0x3c CMakeFiles/HW3.dir/Users/zanderchierici/.pico-sdk/sdk/2.1.1/src/rp2_common/hardware_gpio/gpio.c.o
                0x100005b8                gpio_set_function
 .text.gpio_set_pulls
                0x100005f4       0x28 CMakeFiles/HW3.dir/Users/zanderchierici/.pico-sdk/sdk/2.1.1/src/rp2_common/hardware_gpio/gpio.c.o
                0x100005f4                gpio_set_pulls
 .text.gpio_set_irq_enabled_with_callback
                0x1000061c       0xa8 CMakeFiles/HW3.dir/Users/zanderchierici/.pico-sdk/sdk/2.1.1/src/rp2_common/hardware_gpio/gpio.c.o
                0x1000061c                gpio_set_irq_enabled_with_callback
 .text.gpio_set_input_enabled
                0x100006c4       0x20 CMakeFiles/HW3.dir/Users/zanderchierici/.pico-sdk/sdk/2.1.1/src/rp2_common/hardware_gpio/gpio.c.o
                0x100006c4                gpio_set_input_enabled
 .text.gpio_init
                0x100006e4       0x48 CMakeFiles/HW3.dir/Users/zanderchierici/.pico-sdk/sdk/2.1.1/src/rp2_common/hardware_gpio/gpio.c.o
                0x100006e4                gpio_init
 .text.panic    0x1000072c       0x30 CMakeFiles/HW3.dir/Users/zanderchierici/.pico-sdk/sdk/2.1.1/src/rp2_common/pico_platform_panic/panic.c.o
                0x1000072c                panic
 .text.hw_claim_or_assert
                0x1000075c       0x58 CMakeFiles/HW3.dir/Users/zanderchierici/.pico-sdk/sdk/2.1.1/src/common/hardware_claim/claim.c.o
                0x1000075c                hw_claim_or_assert
 .text.hw_claim_unused_from_range
                0x100007b4       0x80 CMakeFiles/HW3.dir/Users/zanderchierici/.pico-sdk/sdk/2.1.1/src/common/hardware_claim/claim.c.o
                0x100007b4                hw_claim_unused_from_range
 .text.next_striped_spin_lock_num
                0x10000834       0x18 CMakeFiles/HW3.dir/Users/zanderchierici/.pico-sdk/sdk/2.1.1/src/rp2_common/hardware_sync/sync.c.o
                0x10000834                next_striped_spin_lock_num
 .text.spin_lock_claim_unused
                0x1000084c       0x20 CMakeFiles/HW3.dir/Users/zanderchierici/.pico-sdk/sdk/2.1.1/src/rp2_common/hardware_sync/sync.c.o
                0x1000084c                spin_lock_claim_unused
 .text.spinlock_set_extexclall
                0x1000086c       0x10 CMakeFiles/HW3.dir/Users/zanderchierici/.pico-sdk/sdk/2.1.1/src/rp2_common/hardware_sync_spin_lock/sync_spin_lock.c.o
 .text.spin_locks_reset
                0x1000087c       0x18 CMakeFiles/HW3.dir/Users/zanderchierici/.pico-sdk/sdk/2.1.1/src/rp2_common/hardware_sync_spin_lock/sync_spin_lock.c.o
                0x1000087c                spin_locks_reset
 .text.runtime_init_per_core_irq_priorities
                0x10000894       0x40 CMakeFiles/HW3.dir/Users/zanderchierici/.pico-sdk/sdk/2.1.1/src/rp2_common/hardware_irq/irq.c.o
                0x10000894                runtime_init_per_core_irq_priorities
 .text.irq_set_enabled
                0x100008d4       0x2c CMakeFiles/HW3.dir/Users/zanderchierici/.pico-sdk/sdk/2.1.1/src/rp2_common/hardware_irq/irq.c.o
                0x100008d4                irq_set_enabled
 .text.irq_is_enabled
                0x10000900       0x20 CMakeFiles/HW3.dir/Users/zanderchierici/.pico-sdk/sdk/2.1.1/src/rp2_common/hardware_irq/irq.c.o
                0x10000900                irq_is_enabled
 .text.irq_set_pending
                0x10000920       0x18 CMakeFiles/HW3.dir/Users/zanderchierici/.pico-sdk/sdk/2.1.1/src/rp2_common/hardware_irq/irq.c.o
                0x10000920                irq_set_pending
 .text.irq_has_shared_handler
                0x10000938       0x20 CMakeFiles/HW3.dir/Users/zanderchierici/.pico-sdk/sdk/2.1.1/src/rp2_common/hardware_irq/irq.c.o
                0x10000938                irq_has_shared_handler
 .text.irq_set_exclusive_handler
                0x10000958       0x60 CMakeFiles/HW3.dir/Users/zanderchierici/.pico-sdk/sdk/2.1.1/src/rp2_common/hardware_irq/irq.c.o
                0x10000958                irq_set_exclusive_handler
 .text.irq_add_shared_handler
                0x100009b8      0x1e8 CMakeFiles/HW3.dir/Users/zanderchierici/.pico-sdk/sdk/2.1.1/src/rp2_common/hardware_irq/irq.c.o
                0x100009b8                irq_add_shared_handler
 .text.irq_remove_handler
                0x10000ba0      0x1f4 CMakeFiles/HW3.dir/Users/zanderchierici/.pico-sdk/sdk/2.1.1/src/rp2_common/hardware_irq/irq.c.o
                0x10000ba0                irq_remove_handler
 .text.irq_add_tail_to_free_list
                0x10000d94       0xbc CMakeFiles/HW3.dir/Users/zanderchierici/.pico-sdk/sdk/2.1.1/src/rp2_common/hardware_irq/irq.c.o
                0x10000d94                irq_add_tail_to_free_list
 .text.user_irq_claim_unused
                0x10000e50       0x28 CMakeFiles/HW3.dir/Users/zanderchierici/.pico-sdk/sdk/2.1.1/src/rp2_common/hardware_irq/irq.c.o
                0x10000e50                user_irq_claim_unused
 .text.lock_init
                0x10000e78        0xc CMakeFiles/HW3.dir/Users/zanderchierici/.pico-sdk/sdk/2.1.1/src/common/pico_sync/lock_core.c.o
                0x10000e78                lock_init
 .text.runtime_init_mutex
                0x10000e84       0x4c CMakeFiles/HW3.dir/Users/zanderchierici/.pico-sdk/sdk/2.1.1/src/common/pico_sync/mutex.c.o
                0x10000e84                runtime_init_mutex
 .text.mutex_init
                0x10000ed0       0x1c CMakeFiles/HW3.dir/Users/zanderchierici/.pico-sdk/sdk/2.1.1/src/common/pico_sync/mutex.c.o
                0x10000ed0                mutex_init
 .text.critical_section_init
                0x10000eec       0x1c CMakeFiles/HW3.dir/Users/zanderchierici/.pico-sdk/sdk/2.1.1/src/common/pico_sync/critical_section.c.o
                0x10000eec                critical_section_init
 .text.critical_section_init_with_lock_num
                0x10000f08       0x10 CMakeFiles/HW3.dir/Users/zanderchierici/.pico-sdk/sdk/2.1.1/src/common/pico_sync/critical_section.c.o
                0x10000f08                critical_section_init_with_lock_num
 .text.sleep_until_callback
                0x10000f18       0x3c CMakeFiles/HW3.dir/Users/zanderchierici/.pico-sdk/sdk/2.1.1/src/common/pico_time/time.c.o
 *fill*         0x10000f54        0x4 
 .text.alarm_pool_irq_handler
                0x10000f58      0x2f0 CMakeFiles/HW3.dir/Users/zanderchierici/.pico-sdk/sdk/2.1.1/src/common/pico_time/time.c.o
 .text.runtime_init_default_alarm_pool
                0x10001248      0x100 CMakeFiles/HW3.dir/Users/zanderchierici/.pico-sdk/sdk/2.1.1/src/common/pico_time/time.c.o
                0x10001248                runtime_init_default_alarm_pool
 .text.alarm_pool_get_default
                0x10001348        0x8 CMakeFiles/HW3.dir/Users/zanderchierici/.pico-sdk/sdk/2.1.1/src/common/pico_time/time.c.o
                0x10001348                alarm_pool_get_default
 .text.alarm_pool_add_alarm_at
                0x10001350       0xdc CMakeFiles/HW3.dir/Users/zanderchierici/.pico-sdk/sdk/2.1.1/src/common/pico_time/time.c.o
                0x10001350                alarm_pool_add_alarm_at
 .text.alarm_pool_add_alarm_at_force_in_context
                0x1000142c       0xc8 CMakeFiles/HW3.dir/Users/zanderchierici/.pico-sdk/sdk/2.1.1/src/common/pico_time/time.c.o
                0x1000142c                alarm_pool_add_alarm_at_force_in_context
 .text.alarm_pool_cancel_alarm
                0x100014f4       0x80 CMakeFiles/HW3.dir/Users/zanderchierici/.pico-sdk/sdk/2.1.1/src/common/pico_time/time.c.o
                0x100014f4                alarm_pool_cancel_alarm
 .text.alarm_pool_core_num
                0x10001574        0x4 CMakeFiles/HW3.dir/Users/zanderchierici/.pico-sdk/sdk/2.1.1/src/common/pico_time/time.c.o
                0x10001574                alarm_pool_core_num
 .text.sleep_ms
                0x10001578       0xdc CMakeFiles/HW3.dir/Users/zanderchierici/.pico-sdk/sdk/2.1.1/src/common/pico_time/time.c.o
                0x10001578                sleep_ms
 .text.best_effort_wfe_or_timeout
                0x10001654       0xd4 CMakeFiles/HW3.dir/Users/zanderchierici/.pico-sdk/sdk/2.1.1/src/common/pico_time/time.c.o
                0x10001654                best_effort_wfe_or_timeout
 .text.timer_hardware_alarm_claim
                0x10001728       0x24 CMakeFiles/HW3.dir/Users/zanderchierici/.pico-sdk/sdk/2.1.1/src/rp2_common/hardware_timer/timer.c.o
                0x10001728                timer_hardware_alarm_claim
 .text.timer_time_us_64
                0x1000174c       0x10 CMakeFiles/HW3.dir/Users/zanderchierici/.pico-sdk/sdk/2.1.1/src/rp2_common/hardware_timer/timer.c.o
                0x1000174c                timer_time_us_64
 .text.time_us_64
                0x1000175c       0x14 CMakeFiles/HW3.dir/Users/zanderchierici/.pico-sdk/sdk/2.1.1/src/rp2_common/hardware_timer/timer.c.o
                0x1000175c                time_us_64
 .text.busy_wait_us
                0x10001770       0x5c CMakeFiles/HW3.dir/Users/zanderchierici/.pico-sdk/sdk/2.1.1/src/rp2_common/hardware_timer/timer.c.o
                0x10001770                busy_wait_us
 .text.busy_wait_until
                0x100017cc       0x24 CMakeFiles/HW3.dir/Users/zanderchierici/.pico-sdk/sdk/2.1.1/src/rp2_common/hardware_timer/timer.c.o
                0x100017cc                busy_wait_until
 .text.clock_configure_undivided
                0x100017f0       0xd0 CMakeFiles/HW3.dir/Users/zanderchierici/.pico-sdk/sdk/2.1.1/src/rp2_common/hardware_clocks/clocks.c.o
                0x100017f0                clock_configure_undivided
 .text.clock_get_hz
                0x100018c0        0xc CMakeFiles/HW3.dir/Users/zanderchierici/.pico-sdk/sdk/2.1.1/src/rp2_common/hardware_clocks/clocks.c.o
                0x100018c0                clock_get_hz
 .text.pll_init
                0x100018cc       0x8c CMakeFiles/HW3.dir/Users/zanderchierici/.pico-sdk/sdk/2.1.1/src/rp2_common/hardware_pll/pll.c.o
                0x100018cc                pll_init
 .text.watchdog_reboot
                0x10001958       0x98 CMakeFiles/HW3.dir/Users/zanderchierici/.pico-sdk/sdk/2.1.1/src/rp2_common/hardware_watchdog/watchdog.c.o
                0x10001958                watchdog_reboot
 .text.tick_start
                0x100019f0       0x18 CMakeFiles/HW3.dir/Users/zanderchierici/.pico-sdk/sdk/2.1.1/src/rp2_common/hardware_ticks/ticks.c.o
                0x100019f0                tick_start
 .text.rom_reboot.constprop.0.isra.0
                0x10001a08       0x34 CMakeFiles/HW3.dir/Users/zanderchierici/.pico-sdk/sdk/2.1.1/src/rp2_common/pico_bootrom/bootrom.c.o
 .text.rom_func_lookup
                0x10001a3c       0x18 CMakeFiles/HW3.dir/Users/zanderchierici/.pico-sdk/sdk/2.1.1/src/rp2_common/pico_bootrom/bootrom.c.o
                0x10001a3c                rom_func_lookup
 .text.rom_reset_usb_boot_extra
                0x10001a54       0x1c CMakeFiles/HW3.dir/Users/zanderchierici/.pico-sdk/sdk/2.1.1/src/rp2_common/pico_bootrom/bootrom.c.o
                0x10001a54                rom_reset_usb_boot_extra
 .text.runtime_init_bootrom_locking_enable
                0x10001a70       0x14 CMakeFiles/HW3.dir/Users/zanderchierici/.pico-sdk/sdk/2.1.1/src/rp2_common/pico_bootrom/bootrom_lock.c.o
                0x10001a70                runtime_init_bootrom_locking_enable
 .text.runtime_init_boot_locks_reset
                0x10001a84       0x1c CMakeFiles/HW3.dir/Users/zanderchierici/.pico-sdk/sdk/2.1.1/src/rp2_common/hardware_boot_lock/boot_lock.c.o
                0x10001a84                runtime_init_boot_locks_reset
 .text.xosc_init
                0x10001aa0       0x30 CMakeFiles/HW3.dir/Users/zanderchierici/.pico-sdk/sdk/2.1.1/src/rp2_common/hardware_xosc/xosc.c.o
                0x10001aa0                xosc_init
 .text.first_per_core_initializer
                0x10001ad0        0x4 CMakeFiles/HW3.dir/Users/zanderchierici/.pico-sdk/sdk/2.1.1/src/rp2_common/pico_runtime/runtime.c.o
 .text.hard_assertion_failure
                0x10001ad4        0xc CMakeFiles/HW3.dir/Users/zanderchierici/.pico-sdk/sdk/2.1.1/src/rp2_common/pico_runtime/runtime.c.o
                0x10001ad4                hard_assertion_failure
 .text.runtime_run_initializers
                0x10001ae0       0x20 CMakeFiles/HW3.dir/Users/zanderchierici/.pico-sdk/sdk/2.1.1/src/rp2_common/pico_runtime/runtime.c.o
                0x10001ae0                runtime_run_initializers
 .text.runtime_init_early_resets
                0x10001b00       0x34 CMakeFiles/HW3.dir/Users/zanderchierici/.pico-sdk/sdk/2.1.1/src/rp2_common/pico_runtime_init/runtime_init.c.o
                0x10001b00                runtime_init_early_resets
 .text.runtime_init_usb_power_down
                0x10001b34       0x1c CMakeFiles/HW3.dir/Users/zanderchierici/.pico-sdk/sdk/2.1.1/src/rp2_common/pico_runtime_init/runtime_init.c.o
                0x10001b34                runtime_init_usb_power_down
 .text.runtime_init_per_core_enable_coprocessors
                0x10001b50       0x1c CMakeFiles/HW3.dir/Users/zanderchierici/.pico-sdk/sdk/2.1.1/src/rp2_common/pico_runtime_init/runtime_init.c.o
                0x10001b50                runtime_init_per_core_enable_coprocessors
 .text.runtime_init_post_clock_resets
                0x10001b6c       0x20 CMakeFiles/HW3.dir/Users/zanderchierici/.pico-sdk/sdk/2.1.1/src/rp2_common/pico_runtime_init/runtime_init.c.o
                0x10001b6c                runtime_init_post_clock_resets
 .text.runtime_init_bootrom_reset
                0x10001b8c       0x14 CMakeFiles/HW3.dir/Users/zanderchierici/.pico-sdk/sdk/2.1.1/src/rp2_common/pico_runtime_init/runtime_init.c.o
                0x10001b8c                runtime_init_bootrom_reset
 .text.runtime_init_per_core_bootrom_reset
                0x10001ba0       0x14 CMakeFiles/HW3.dir/Users/zanderchierici/.pico-sdk/sdk/2.1.1/src/rp2_common/pico_runtime_init/runtime_init.c.o
                0x10001ba0                runtime_init_per_core_bootrom_reset
 .text.runtime_init_spin_locks_reset
                0x10001bb4        0x4 CMakeFiles/HW3.dir/Users/zanderchierici/.pico-sdk/sdk/2.1.1/src/rp2_common/pico_runtime_init/runtime_init.c.o
                0x10001bb4                runtime_init_spin_locks_reset
 .text.runtime_init_install_ram_vector_table
                0x10001bb8       0x20 CMakeFiles/HW3.dir/Users/zanderchierici/.pico-sdk/sdk/2.1.1/src/rp2_common/pico_runtime_init/runtime_init.c.o
                0x10001bb8                runtime_init_install_ram_vector_table
 .text.runtime_init_clocks
                0x10001bd8       0xdc CMakeFiles/HW3.dir/Users/zanderchierici/.pico-sdk/sdk/2.1.1/src/rp2_common/pico_runtime_init/runtime_init_clocks.c.o
                0x10001bd8                runtime_init_clocks
 .text.__rp2350_dcp_engaged_state_save_restore
                0x10001cb4       0x3a CMakeFiles/HW3.dir/Users/zanderchierici/.pico-sdk/sdk/2.1.1/src/rp2_common/pico_double/double_aeabi_dcp.S.o
 *fill*         0x10001cee        0x2 
 .text.__wrap___aeabi_dadd
                0x10001cf0       0x28 CMakeFiles/HW3.dir/Users/zanderchierici/.pico-sdk/sdk/2.1.1/src/rp2_common/pico_double/double_aeabi_dcp.S.o
                0x10001cf8                __wrap___aeabi_dadd
 .text.__wrap___aeabi_dsub
                0x10001d18       0x28 CMakeFiles/HW3.dir/Users/zanderchierici/.pico-sdk/sdk/2.1.1/src/rp2_common/pico_double/double_aeabi_dcp.S.o
                0x10001d20                __wrap___aeabi_dsub
 .text.__wrap___aeabi_dmul
                0x10001d40       0x4c CMakeFiles/HW3.dir/Users/zanderchierici/.pico-sdk/sdk/2.1.1/src/rp2_common/pico_double/double_aeabi_dcp.S.o
                0x10001d48                __wrap___aeabi_dmul
 .text.__wrap___aeabi_ddiv
                0x10001d8c       0x9c CMakeFiles/HW3.dir/Users/zanderchierici/.pico-sdk/sdk/2.1.1/src/rp2_common/pico_double/double_aeabi_dcp.S.o
                0x10001d94                __wrap___aeabi_ddiv
 .text.__wrap___aeabi_d2f
                0x10001e28       0x1c CMakeFiles/HW3.dir/Users/zanderchierici/.pico-sdk/sdk/2.1.1/src/rp2_common/pico_double/double_aeabi_dcp.S.o
                0x10001e30                double2float
                0x10001e30                __wrap___aeabi_d2f
 .text.__wrap___aeabi_i2d
                0x10001e44       0x24 CMakeFiles/HW3.dir/Users/zanderchierici/.pico-sdk/sdk/2.1.1/src/rp2_common/pico_double/double_aeabi_dcp.S.o
                0x10001e4c                __wrap___aeabi_i2d
                0x10001e4c                int2double
 .text.__wrap___aeabi_ui2d
                0x10001e68       0x24 CMakeFiles/HW3.dir/Users/zanderchierici/.pico-sdk/sdk/2.1.1/src/rp2_common/pico_double/double_aeabi_dcp.S.o
                0x10001e70                __wrap___aeabi_ui2d
                0x10001e70                uint2double
 .text.__wrap___aeabi_d2iz
                0x10001e8c       0x24 CMakeFiles/HW3.dir/Users/zanderchierici/.pico-sdk/sdk/2.1.1/src/rp2_common/pico_double/double_aeabi_dcp.S.o
                0x10001e94                __wrap___aeabi_d2iz
                0x10001e94                double2int_z
 .text.__wrap___aeabi_d2uiz
                0x10001eb0       0x24 CMakeFiles/HW3.dir/Users/zanderchierici/.pico-sdk/sdk/2.1.1/src/rp2_common/pico_double/double_aeabi_dcp.S.o
                0x10001eb8                double2uint_z
                0x10001eb8                double2uint
                0x10001eb8                __wrap___aeabi_d2uiz
 .text.__wrap___aeabi_dcmpun
                0x10001ed4       0x24 CMakeFiles/HW3.dir/Users/zanderchierici/.pico-sdk/sdk/2.1.1/src/rp2_common/pico_double/double_aeabi_dcp.S.o
                0x10001edc                __wrap___aeabi_dcmpun
 .text.__wrap___aeabi_dcmpeq
                0x10001ef8       0x24 CMakeFiles/HW3.dir/Users/zanderchierici/.pico-sdk/sdk/2.1.1/src/rp2_common/pico_double/double_aeabi_dcp.S.o
                0x10001f00                __wrap___aeabi_dcmpeq
 .text.__wrap___aeabi_dcmplt
                0x10001f1c       0x28 CMakeFiles/HW3.dir/Users/zanderchierici/.pico-sdk/sdk/2.1.1/src/rp2_common/pico_double/double_aeabi_dcp.S.o
                0x10001f24                __wrap___aeabi_dcmplt
 .text.__wrap___aeabi_dcmple
                0x10001f44       0x28 CMakeFiles/HW3.dir/Users/zanderchierici/.pico-sdk/sdk/2.1.1/src/rp2_common/pico_double/double_aeabi_dcp.S.o
                0x10001f4c                __wrap___aeabi_dcmple
 .text.__wrap___aeabi_dcmpge
                0x10001f6c       0x28 CMakeFiles/HW3.dir/Users/zanderchierici/.pico-sdk/sdk/2.1.1/src/rp2_common/pico_double/double_aeabi_dcp.S.o
                0x10001f74                __wrap___aeabi_dcmpge
 .text.__wrap___aeabi_dcmpgt
                0x10001f94       0x28 CMakeFiles/HW3.dir/Users/zanderchierici/.pico-sdk/sdk/2.1.1/src/rp2_common/pico_double/double_aeabi_dcp.S.o
                0x10001f9c                __wrap___aeabi_dcmpgt
 .text.__wrap_conv_tod
                0x10001fbc      0x20c CMakeFiles/HW3.dir/Users/zanderchierici/.pico-sdk/sdk/2.1.1/src/rp2_common/pico_double/double_conv_m33.S.o
                0x10001fbc                __wrap___aeabi_l2d
                0x10001fbc                int642double
                0x10001fbe                fix642double
                0x10002062                __wrap___aeabi_ul2d
                0x10002062                uint642double
                0x10002064                ufix642double
                0x100020f8                fix2double
                0x10002168                ufix2double
 .text.__wrap_conv_dtoi64_z
                0x100021c8       0xa0 CMakeFiles/HW3.dir/Users/zanderchierici/.pico-sdk/sdk/2.1.1/src/rp2_common/pico_double/double_conv_m33.S.o
                0x100021c8                __wrap___aeabi_d2lz
                0x100021c8                double2int64_z
                0x100021ca                double2fix64_z
 .text.__wrap_malloc
                0x10002268       0x24 CMakeFiles/HW3.dir/Users/zanderchierici/.pico-sdk/sdk/2.1.1/src/rp2_common/pico_malloc/malloc.c.o
                0x10002268                __wrap_malloc
 .text.__wrap_realloc
                0x1000228c       0x24 CMakeFiles/HW3.dir/Users/zanderchierici/.pico-sdk/sdk/2.1.1/src/rp2_common/pico_malloc/malloc.c.o
                0x1000228c                __wrap_realloc
 .text.__wrap_free
                0x100022b0        0x4 CMakeFiles/HW3.dir/Users/zanderchierici/.pico-sdk/sdk/2.1.1/src/rp2_common/pico_malloc/malloc.c.o
                0x100022b0                __wrap_free
 .text._out_buffer
                0x100022b4        0x8 CMakeFiles/HW3.dir/Users/zanderchierici/.pico-sdk/sdk/2.1.1/src/rp2_common/pico_printf/printf.c.o
 .text._out_null
                0x100022bc        0x4 CMakeFiles/HW3.dir/Users/zanderchierici/.pico-sdk/sdk/2.1.1/src/rp2_common/pico_printf/printf.c.o
 .text._out_rev
                0x100022c0       0x9c CMakeFiles/HW3.dir/Users/zanderchierici/.pico-sdk/sdk/2.1.1/src/rp2_common/pico_printf/printf.c.o
 .text._ntoa_format
                0x1000235c      0x1d4 CMakeFiles/HW3.dir/Users/zanderchierici/.pico-sdk/sdk/2.1.1/src/rp2_common/pico_printf/printf.c.o
 .text._out_char
                0x10002530        0x8 CMakeFiles/HW3.dir/Users/zanderchierici/.pico-sdk/sdk/2.1.1/src/rp2_common/pico_printf/printf.c.o
 .text._out_fct
                0x10002538        0xc CMakeFiles/HW3.dir/Users/zanderchierici/.pico-sdk/sdk/2.1.1/src/rp2_common/pico_printf/printf.c.o
 *fill*         0x10002544        0x4 
 .text._ftoa    0x10002548      0x4bc CMakeFiles/HW3.dir/Users/zanderchierici/.pico-sdk/sdk/2.1.1/src/rp2_common/pico_printf/printf.c.o
 *fill*         0x10002a04        0x4 
 .text._etoa    0x10002a08      0x574 CMakeFiles/HW3.dir/Users/zanderchierici/.pico-sdk/sdk/2.1.1/src/rp2_common/pico_printf/printf.c.o
 .text._vsnprintf
                0x10002f7c      0x9e4 CMakeFiles/HW3.dir/Users/zanderchierici/.pico-sdk/sdk/2.1.1/src/rp2_common/pico_printf/printf.c.o
 .text.__wrap_sprintf
                0x10003960       0x2c CMakeFiles/HW3.dir/Users/zanderchierici/.pico-sdk/sdk/2.1.1/src/rp2_common/pico_printf/printf.c.o
                0x10003960                __wrap_sprintf
 .text.vfctprintf
                0x1000398c       0x28 CMakeFiles/HW3.dir/Users/zanderchierici/.pico-sdk/sdk/2.1.1/src/rp2_common/pico_printf/printf.c.o
                0x1000398c                vfctprintf
 .text.weak_raw_printf
                0x100039b4       0x48 CMakeFiles/HW3.dir/Users/zanderchierici/.pico-sdk/sdk/2.1.1/src/rp2_common/pico_printf/printf.c.o
                0x100039b4                weak_raw_printf
 .text.weak_raw_vprintf
                0x100039fc       0x30 CMakeFiles/HW3.dir/Users/zanderchierici/.pico-sdk/sdk/2.1.1/src/rp2_common/pico_printf/printf.c.o
                0x100039fc                weak_raw_vprintf
 .text._exit    0x10003a2c        0x4 CMakeFiles/HW3.dir/Users/zanderchierici/.pico-sdk/sdk/2.1.1/src/rp2_common/pico_clib_interface/newlib_interface.c.o
                0x10003a2c                _exit
 .text._sbrk    0x10003a30       0x2c CMakeFiles/HW3.dir/Users/zanderchierici/.pico-sdk/sdk/2.1.1/src/rp2_common/pico_clib_interface/newlib_interface.c.o
                0x10003a30                _sbrk
 .text._read    0x10003a5c       0x1c CMakeFiles/HW3.dir/Users/zanderchierici/.pico-sdk/sdk/2.1.1/src/rp2_common/pico_clib_interface/newlib_interface.c.o
                0x10003a5c                _read
 .text._write   0x10003a78       0x20 CMakeFiles/HW3.dir/Users/zanderchierici/.pico-sdk/sdk/2.1.1/src/rp2_common/pico_clib_interface/newlib_interface.c.o
                0x10003a78                _write
 .text._close   0x10003a98        0x8 CMakeFiles/HW3.dir/Users/zanderchierici/.pico-sdk/sdk/2.1.1/src/rp2_common/pico_clib_interface/newlib_interface.c.o
                0x10003a98                _close
 .text._lseek   0x10003aa0        0x8 CMakeFiles/HW3.dir/Users/zanderchierici/.pico-sdk/sdk/2.1.1/src/rp2_common/pico_clib_interface/newlib_interface.c.o
                0x10003aa0                _lseek
 .text._fstat   0x10003aa8        0x8 CMakeFiles/HW3.dir/Users/zanderchierici/.pico-sdk/sdk/2.1.1/src/rp2_common/pico_clib_interface/newlib_interface.c.o
                0x10003aa8                _fstat
 .text._isatty  0x10003ab0        0xc CMakeFiles/HW3.dir/Users/zanderchierici/.pico-sdk/sdk/2.1.1/src/rp2_common/pico_clib_interface/newlib_interface.c.o
                0x10003ab0                _isatty
 .text.exit     0x10003abc        0x8 CMakeFiles/HW3.dir/Users/zanderchierici/.pico-sdk/sdk/2.1.1/src/rp2_common/pico_clib_interface/newlib_interface.c.o
                0x10003abc                exit
 .text.__assert_func
                0x10003ac4       0x34 CMakeFiles/HW3.dir/Users/zanderchierici/.pico-sdk/sdk/2.1.1/src/rp2_common/pico_clib_interface/newlib_interface.c.o
                0x10003ac4                __assert_func
 .text.runtime_init
                0x10003af8       0x24 CMakeFiles/HW3.dir/Users/zanderchierici/.pico-sdk/sdk/2.1.1/src/rp2_common/pico_clib_interface/newlib_interface.c.o
                0x10003af8                runtime_init
 .text.stdio_out_chars_no_crlf
                0x10003b1c        0x8 CMakeFiles/HW3.dir/Users/zanderchierici/.pico-sdk/sdk/2.1.1/src/rp2_common/pico_stdio/stdio.c.o
 .text.stdio_out_chars_crlf
                0x10003b24       0xb0 CMakeFiles/HW3.dir/Users/zanderchierici/.pico-sdk/sdk/2.1.1/src/rp2_common/pico_stdio/stdio.c.o
 .text.stdio_buffered_printer
                0x10003bd4       0x60 CMakeFiles/HW3.dir/Users/zanderchierici/.pico-sdk/sdk/2.1.1/src/rp2_common/pico_stdio/stdio.c.o
 .text.stdio_put_string
                0x10003c34       0xec CMakeFiles/HW3.dir/Users/zanderchierici/.pico-sdk/sdk/2.1.1/src/rp2_common/pico_stdio/stdio.c.o
                0x10003c34                stdio_put_string
 .text.stdio_get_until
                0x10003d20       0x7c CMakeFiles/HW3.dir/Users/zanderchierici/.pico-sdk/sdk/2.1.1/src/rp2_common/pico_stdio/stdio.c.o
                0x10003d20                stdio_get_until
 .text.stdio_set_driver_enabled
                0x10003d9c       0x28 CMakeFiles/HW3.dir/Users/zanderchierici/.pico-sdk/sdk/2.1.1/src/rp2_common/pico_stdio/stdio.c.o
                0x10003d9c                stdio_set_driver_enabled
 .text.stdio_init_all
                0x10003dc4        0x4 CMakeFiles/HW3.dir/Users/zanderchierici/.pico-sdk/sdk/2.1.1/src/rp2_common/pico_stdio/stdio.c.o
                0x10003dc4                stdio_init_all
 .text.__wrap_putchar
                0x10003dc8       0x84 CMakeFiles/HW3.dir/Users/zanderchierici/.pico-sdk/sdk/2.1.1/src/rp2_common/pico_stdio/stdio.c.o
                0x10003dc8                stdio_putchar
                0x10003dc8                __wrap_putchar
 .text.__wrap_puts
                0x10003e4c       0x3c CMakeFiles/HW3.dir/Users/zanderchierici/.pico-sdk/sdk/2.1.1/src/rp2_common/pico_stdio/stdio.c.o
                0x10003e4c                __wrap_puts
                0x10003e4c                stdio_puts
 .text.__wrap_vprintf
                0x10003e88       0xc4 CMakeFiles/HW3.dir/Users/zanderchierici/.pico-sdk/sdk/2.1.1/src/rp2_common/pico_stdio/stdio.c.o
                0x10003e88                __wrap_vprintf
                0x10003e88                stdio_vprintf
 .text.__wrap_printf
                0x10003f4c       0x1c CMakeFiles/HW3.dir/Users/zanderchierici/.pico-sdk/sdk/2.1.1/src/rp2_common/pico_stdio/stdio.c.o
                0x10003f4c                stdio_printf
                0x10003f4c                __wrap_printf
 .text.resetd_init
                0x10003f68        0x4 CMakeFiles/HW3.dir/Users/zanderchierici/.pico-sdk/sdk/2.1.1/src/rp2_common/pico_stdio_usb/reset_interface.c.o
 .text.resetd_reset
                0x10003f6c        0xc CMakeFiles/HW3.dir/Users/zanderchierici/.pico-sdk/sdk/2.1.1/src/rp2_common/pico_stdio_usb/reset_interface.c.o
 .text.resetd_open
                0x10003f78       0x28 CMakeFiles/HW3.dir/Users/zanderchierici/.pico-sdk/sdk/2.1.1/src/rp2_common/pico_stdio_usb/reset_interface.c.o
 .text.resetd_xfer_cb
                0x10003fa0        0x4 CMakeFiles/HW3.dir/Users/zanderchierici/.pico-sdk/sdk/2.1.1/src/rp2_common/pico_stdio_usb/reset_interface.c.o
 .text.resetd_control_xfer_cb
                0x10003fa4       0x50 CMakeFiles/HW3.dir/Users/zanderchierici/.pico-sdk/sdk/2.1.1/src/rp2_common/pico_stdio_usb/reset_interface.c.o
 .text.tud_descriptor_bos_cb
                0x10003ff4        0x8 CMakeFiles/HW3.dir/Users/zanderchierici/.pico-sdk/sdk/2.1.1/src/rp2_common/pico_stdio_usb/reset_interface.c.o
                0x10003ff4                tud_descriptor_bos_cb
 .text.tud_vendor_control_xfer_cb
                0x10003ffc       0x28 CMakeFiles/HW3.dir/Users/zanderchierici/.pico-sdk/sdk/2.1.1/src/rp2_common/pico_stdio_usb/reset_interface.c.o
                0x10003ffc                tud_vendor_control_xfer_cb
 .text.usbd_app_driver_get_cb
                0x10004024       0x10 CMakeFiles/HW3.dir/Users/zanderchierici/.pico-sdk/sdk/2.1.1/src/rp2_common/pico_stdio_usb/reset_interface.c.o
                0x10004024                usbd_app_driver_get_cb
 .text.tud_cdc_line_coding_cb
                0x10004034       0x18 CMakeFiles/HW3.dir/Users/zanderchierici/.pico-sdk/sdk/2.1.1/src/rp2_common/pico_stdio_usb/reset_interface.c.o
                0x10004034                tud_cdc_line_coding_cb
 .text.stdio_usb_set_chars_available_callback
                0x1000404c       0x14 CMakeFiles/HW3.dir/Users/zanderchierici/.pico-sdk/sdk/2.1.1/src/rp2_common/pico_stdio_usb/stdio_usb.c.o
                0x1000404c                stdio_usb_set_chars_available_callback
 .text.timer_task
                0x10004060       0x70 CMakeFiles/HW3.dir/Users/zanderchierici/.pico-sdk/sdk/2.1.1/src/rp2_common/pico_stdio_usb/stdio_usb.c.o
 .text.usb_irq  0x100040d0        0xc CMakeFiles/HW3.dir/Users/zanderchierici/.pico-sdk/sdk/2.1.1/src/rp2_common/pico_stdio_usb/stdio_usb.c.o
 .text.stdio_usb_in_chars
                0x100040dc       0x88 CMakeFiles/HW3.dir/Users/zanderchierici/.pico-sdk/sdk/2.1.1/src/rp2_common/pico_stdio_usb/stdio_usb.c.o
                0x100040dc                stdio_usb_in_chars
 .text.stdio_usb_out_flush
                0x10004164       0x54 CMakeFiles/HW3.dir/Users/zanderchierici/.pico-sdk/sdk/2.1.1/src/rp2_common/pico_stdio_usb/stdio_usb.c.o
 .text.stdio_usb_out_chars
                0x100041b8       0xf4 CMakeFiles/HW3.dir/Users/zanderchierici/.pico-sdk/sdk/2.1.1/src/rp2_common/pico_stdio_usb/stdio_usb.c.o
 .text.low_priority_worker_irq
                0x100042ac       0xd8 CMakeFiles/HW3.dir/Users/zanderchierici/.pico-sdk/sdk/2.1.1/src/rp2_common/pico_stdio_usb/stdio_usb.c.o
 .text.stdio_usb_init
                0x10004384       0xe8 CMakeFiles/HW3.dir/Users/zanderchierici/.pico-sdk/sdk/2.1.1/src/rp2_common/pico_stdio_usb/stdio_usb.c.o
                0x10004384                stdio_usb_init
 .text.stdio_usb_connected
                0x1000446c        0x8 CMakeFiles/HW3.dir/Users/zanderchierici/.pico-sdk/sdk/2.1.1/src/rp2_common/pico_stdio_usb/stdio_usb.c.o
                0x1000446c                stdio_usb_connected
 .text.tud_descriptor_device_cb
                0x10004474        0x8 CMakeFiles/HW3.dir/Users/zanderchierici/.pico-sdk/sdk/2.1.1/src/rp2_common/pico_stdio_usb/stdio_usb_descriptors.c.o
                0x10004474                tud_descriptor_device_cb
 .text.tud_descriptor_configuration_cb
                0x1000447c        0x8 CMakeFiles/HW3.dir/Users/zanderchierici/.pico-sdk/sdk/2.1.1/src/rp2_common/pico_stdio_usb/stdio_usb_descriptors.c.o
                0x1000447c                tud_descriptor_configuration_cb
 .text.tud_descriptor_string_cb
                0x10004484       0x70 CMakeFiles/HW3.dir/Users/zanderchierici/.pico-sdk/sdk/2.1.1/src/rp2_common/pico_stdio_usb/stdio_usb_descriptors.c.o
                0x10004484                tud_descriptor_string_cb
 .text.startup._retrieve_unique_id_on_boot
                0x100044f4       0x30 CMakeFiles/HW3.dir/Users/zanderchierici/.pico-sdk/sdk/2.1.1/src/rp2_common/pico_unique_id/unique_id.c.o
 .text.pico_get_unique_board_id_string
                0x10004524      0x184 CMakeFiles/HW3.dir/Users/zanderchierici/.pico-sdk/sdk/2.1.1/src/rp2_common/pico_unique_id/unique_id.c.o
                0x10004524                pico_get_unique_board_id_string
 .text.dcd_init
                0x100046a8       0x8c CMakeFiles/HW3.dir/Users/zanderchierici/.pico-sdk/sdk/2.1.1/lib/tinyusb/src/portable/raspberrypi/rp2040/dcd_rp2040.c.o
                0x100046a8                dcd_init
 .text.dcd_int_enable
                0x10004734        0x8 CMakeFiles/HW3.dir/Users/zanderchierici/.pico-sdk/sdk/2.1.1/lib/tinyusb/src/portable/raspberrypi/rp2040/dcd_rp2040.c.o
                0x10004734                dcd_int_enable
 .text.dcd_set_address
                0x1000473c       0x10 CMakeFiles/HW3.dir/Users/zanderchierici/.pico-sdk/sdk/2.1.1/lib/tinyusb/src/portable/raspberrypi/rp2040/dcd_rp2040.c.o
                0x1000473c                dcd_set_address
 .text.dcd_sof_enable
                0x1000474c       0x1c CMakeFiles/HW3.dir/Users/zanderchierici/.pico-sdk/sdk/2.1.1/lib/tinyusb/src/portable/raspberrypi/rp2040/dcd_rp2040.c.o
                0x1000474c                dcd_sof_enable
 .text.dcd_edpt0_status_complete
                0x10004768       0x1c CMakeFiles/HW3.dir/Users/zanderchierici/.pico-sdk/sdk/2.1.1/lib/tinyusb/src/portable/raspberrypi/rp2040/dcd_rp2040.c.o
                0x10004768                dcd_edpt0_status_complete
 .text.dcd_edpt_open
                0x10004784      0x104 CMakeFiles/HW3.dir/Users/zanderchierici/.pico-sdk/sdk/2.1.1/lib/tinyusb/src/portable/raspberrypi/rp2040/dcd_rp2040.c.o
                0x10004784                dcd_edpt_open
 .text.dcd_edpt_close_all
                0x10004888        0x4 CMakeFiles/HW3.dir/Users/zanderchierici/.pico-sdk/sdk/2.1.1/lib/tinyusb/src/portable/raspberrypi/rp2040/dcd_rp2040.c.o
                0x10004888                dcd_edpt_close_all
 .text.dcd_edpt_xfer
                0x1000488c       0x28 CMakeFiles/HW3.dir/Users/zanderchierici/.pico-sdk/sdk/2.1.1/lib/tinyusb/src/portable/raspberrypi/rp2040/dcd_rp2040.c.o
                0x1000488c                dcd_edpt_xfer
 .text.dcd_edpt_stall
                0x100048b4       0x30 CMakeFiles/HW3.dir/Users/zanderchierici/.pico-sdk/sdk/2.1.1/lib/tinyusb/src/portable/raspberrypi/rp2040/dcd_rp2040.c.o
                0x100048b4                dcd_edpt_stall
 .text.dcd_edpt_clear_stall
                0x100048e4       0x24 CMakeFiles/HW3.dir/Users/zanderchierici/.pico-sdk/sdk/2.1.1/lib/tinyusb/src/portable/raspberrypi/rp2040/dcd_rp2040.c.o
                0x100048e4                dcd_edpt_clear_stall
 .text.rp2040_usb_init
                0x10004908       0x40 CMakeFiles/HW3.dir/Users/zanderchierici/.pico-sdk/sdk/2.1.1/lib/tinyusb/src/portable/raspberrypi/rp2040/rp2040_usb.c.o
                0x10004908                rp2040_usb_init
 .text.hw_endpoint_xfer_start
                0x10004948       0x40 CMakeFiles/HW3.dir/Users/zanderchierici/.pico-sdk/sdk/2.1.1/lib/tinyusb/src/portable/raspberrypi/rp2040/rp2040_usb.c.o
                0x10004948                hw_endpoint_xfer_start
 .text.configuration_reset
                0x10004988       0x8c CMakeFiles/HW3.dir/Users/zanderchierici/.pico-sdk/sdk/2.1.1/lib/tinyusb/src/device/usbd.c.o
 .text.tud_event_hook_cb
                0x10004a14        0x4 CMakeFiles/HW3.dir/Users/zanderchierici/.pico-sdk/sdk/2.1.1/lib/tinyusb/src/device/usbd.c.o
                0x10004a14                tud_event_hook_cb
 .text.tud_sof_cb
                0x10004a18        0x4 CMakeFiles/HW3.dir/Users/zanderchierici/.pico-sdk/sdk/2.1.1/lib/tinyusb/src/device/usbd.c.o
                0x10004a18                tud_sof_cb
 .text.tud_descriptor_device_qualifier_cb
                0x10004a1c        0x4 CMakeFiles/HW3.dir/Users/zanderchierici/.pico-sdk/sdk/2.1.1/lib/tinyusb/src/device/usbd.c.o
                0x10004a1c                tud_descriptor_device_qualifier_cb
 .text.tud_descriptor_other_speed_configuration_cb
                0x10004a20        0x4 CMakeFiles/HW3.dir/Users/zanderchierici/.pico-sdk/sdk/2.1.1/lib/tinyusb/src/device/usbd.c.o
                0x10004a20                tud_descriptor_other_speed_configuration_cb
 .text.tud_mount_cb
                0x10004a24        0x4 CMakeFiles/HW3.dir/Users/zanderchierici/.pico-sdk/sdk/2.1.1/lib/tinyusb/src/device/usbd.c.o
                0x10004a24                tud_mount_cb
 .text.tud_umount_cb
                0x10004a28        0x4 CMakeFiles/HW3.dir/Users/zanderchierici/.pico-sdk/sdk/2.1.1/lib/tinyusb/src/device/usbd.c.o
                0x10004a28                tud_umount_cb
 .text.tud_suspend_cb
                0x10004a2c        0x4 CMakeFiles/HW3.dir/Users/zanderchierici/.pico-sdk/sdk/2.1.1/lib/tinyusb/src/device/usbd.c.o
                0x10004a2c                tud_suspend_cb
 .text.tud_resume_cb
                0x10004a30        0x4 CMakeFiles/HW3.dir/Users/zanderchierici/.pico-sdk/sdk/2.1.1/lib/tinyusb/src/device/usbd.c.o
                0x10004a30                tud_resume_cb
 .text.tud_mounted
                0x10004a34       0x10 CMakeFiles/HW3.dir/Users/zanderchierici/.pico-sdk/sdk/2.1.1/lib/tinyusb/src/device/usbd.c.o
                0x10004a34                tud_mounted
 .text.tud_suspended
                0x10004a44       0x10 CMakeFiles/HW3.dir/Users/zanderchierici/.pico-sdk/sdk/2.1.1/lib/tinyusb/src/device/usbd.c.o
                0x10004a44                tud_suspended
 .text.tud_rhport_init
                0x10004a54       0xf4 CMakeFiles/HW3.dir/Users/zanderchierici/.pico-sdk/sdk/2.1.1/lib/tinyusb/src/device/usbd.c.o
                0x10004a54                tud_rhport_init
 .text.tud_task_ext
                0x10004b48      0x784 CMakeFiles/HW3.dir/Users/zanderchierici/.pico-sdk/sdk/2.1.1/lib/tinyusb/src/device/usbd.c.o
                0x10004b48                tud_task_ext
 .text.usbd_open_edpt_pair
                0x100052cc       0x9c CMakeFiles/HW3.dir/Users/zanderchierici/.pico-sdk/sdk/2.1.1/lib/tinyusb/src/device/usbd.c.o
                0x100052cc                usbd_open_edpt_pair
 .text.usbd_edpt_open
                0x10005368       0x44 CMakeFiles/HW3.dir/Users/zanderchierici/.pico-sdk/sdk/2.1.1/lib/tinyusb/src/device/usbd.c.o
                0x10005368                usbd_edpt_open
 .text.usbd_edpt_claim
                0x100053ac       0x24 CMakeFiles/HW3.dir/Users/zanderchierici/.pico-sdk/sdk/2.1.1/lib/tinyusb/src/device/usbd.c.o
                0x100053ac                usbd_edpt_claim
 .text.usbd_edpt_release
                0x100053d0       0x24 CMakeFiles/HW3.dir/Users/zanderchierici/.pico-sdk/sdk/2.1.1/lib/tinyusb/src/device/usbd.c.o
                0x100053d0                usbd_edpt_release
 .text.usbd_edpt_xfer
                0x100053f4       0x70 CMakeFiles/HW3.dir/Users/zanderchierici/.pico-sdk/sdk/2.1.1/lib/tinyusb/src/device/usbd.c.o
                0x100053f4                usbd_edpt_xfer
 .text.tud_control_status
                0x10005464       0x34 CMakeFiles/HW3.dir/Users/zanderchierici/.pico-sdk/sdk/2.1.1/lib/tinyusb/src/device/usbd_control.c.o
                0x10005464                tud_control_status
 .text.tud_control_xfer
                0x10005498       0xb0 CMakeFiles/HW3.dir/Users/zanderchierici/.pico-sdk/sdk/2.1.1/lib/tinyusb/src/device/usbd_control.c.o
                0x10005498                tud_control_xfer
 .text.usbd_control_reset
                0x10005548       0x14 CMakeFiles/HW3.dir/Users/zanderchierici/.pico-sdk/sdk/2.1.1/lib/tinyusb/src/device/usbd_control.c.o
                0x10005548                usbd_control_reset
 .text.usbd_control_set_complete_callback
                0x1000555c        0xc CMakeFiles/HW3.dir/Users/zanderchierici/.pico-sdk/sdk/2.1.1/lib/tinyusb/src/device/usbd_control.c.o
                0x1000555c                usbd_control_set_complete_callback
 .text.usbd_control_set_request
                0x10005568       0x1c CMakeFiles/HW3.dir/Users/zanderchierici/.pico-sdk/sdk/2.1.1/lib/tinyusb/src/device/usbd_control.c.o
                0x10005568                usbd_control_set_request
 .text.usbd_control_xfer_cb
                0x10005584      0x100 CMakeFiles/HW3.dir/Users/zanderchierici/.pico-sdk/sdk/2.1.1/lib/tinyusb/src/device/usbd_control.c.o
                0x10005584                usbd_control_xfer_cb
 .text._prep_out_transaction.isra.0
                0x10005684       0x74 CMakeFiles/HW3.dir/Users/zanderchierici/.pico-sdk/sdk/2.1.1/lib/tinyusb/src/class/cdc/cdc_device.c.o
 .text.tud_cdc_n_connected
                0x100056f8       0x2c CMakeFiles/HW3.dir/Users/zanderchierici/.pico-sdk/sdk/2.1.1/lib/tinyusb/src/class/cdc/cdc_device.c.o
                0x100056f8                tud_cdc_n_connected
 .text.tud_cdc_n_available
                0x10005724       0x14 CMakeFiles/HW3.dir/Users/zanderchierici/.pico-sdk/sdk/2.1.1/lib/tinyusb/src/class/cdc/cdc_device.c.o
                0x10005724                tud_cdc_n_available
 .text.tud_cdc_n_read
                0x10005738       0x90 CMakeFiles/HW3.dir/Users/zanderchierici/.pico-sdk/sdk/2.1.1/lib/tinyusb/src/class/cdc/cdc_device.c.o
                0x10005738                tud_cdc_n_read
 .text.tud_cdc_n_write_flush
                0x100057c8       0x8c CMakeFiles/HW3.dir/Users/zanderchierici/.pico-sdk/sdk/2.1.1/lib/tinyusb/src/class/cdc/cdc_device.c.o
                0x100057c8                tud_cdc_n_write_flush
 .text.tud_cdc_n_write
                0x10005854       0x40 CMakeFiles/HW3.dir/Users/zanderchierici/.pico-sdk/sdk/2.1.1/lib/tinyusb/src/class/cdc/cdc_device.c.o
                0x10005854                tud_cdc_n_write
 .text.tud_cdc_n_write_available
                0x10005894       0x14 CMakeFiles/HW3.dir/Users/zanderchierici/.pico-sdk/sdk/2.1.1/lib/tinyusb/src/class/cdc/cdc_device.c.o
                0x10005894                tud_cdc_n_write_available
 .text.cdcd_init
                0x100058a8       0x70 CMakeFiles/HW3.dir/Users/zanderchierici/.pico-sdk/sdk/2.1.1/lib/tinyusb/src/class/cdc/cdc_device.c.o
                0x100058a8                cdcd_init
 .text.cdcd_deinit
                0x10005918       0x30 CMakeFiles/HW3.dir/Users/zanderchierici/.pico-sdk/sdk/2.1.1/lib/tinyusb/src/class/cdc/cdc_device.c.o
                0x10005918                cdcd_deinit
 .text.cdcd_reset
                0x10005948       0x4c CMakeFiles/HW3.dir/Users/zanderchierici/.pico-sdk/sdk/2.1.1/lib/tinyusb/src/class/cdc/cdc_device.c.o
                0x10005948                cdcd_reset
 .text.cdcd_open
                0x10005994       0xc0 CMakeFiles/HW3.dir/Users/zanderchierici/.pico-sdk/sdk/2.1.1/lib/tinyusb/src/class/cdc/cdc_device.c.o
                0x10005994                cdcd_open
 .text.cdcd_control_xfer_cb
                0x10005a54       0xc0 CMakeFiles/HW3.dir/Users/zanderchierici/.pico-sdk/sdk/2.1.1/lib/tinyusb/src/class/cdc/cdc_device.c.o
                0x10005a54                cdcd_control_xfer_cb
 .text.cdcd_xfer_cb
                0x10005b14       0xf8 CMakeFiles/HW3.dir/Users/zanderchierici/.pico-sdk/sdk/2.1.1/lib/tinyusb/src/class/cdc/cdc_device.c.o
                0x10005b14                cdcd_xfer_cb
 .text.vendord_init
                0x10005c0c       0x5c CMakeFiles/HW3.dir/Users/zanderchierici/.pico-sdk/sdk/2.1.1/lib/tinyusb/src/class/vendor/vendor_device.c.o
                0x10005c0c                vendord_init
 .text.vendord_deinit
                0x10005c68       0x1c CMakeFiles/HW3.dir/Users/zanderchierici/.pico-sdk/sdk/2.1.1/lib/tinyusb/src/class/vendor/vendor_device.c.o
                0x10005c68                vendord_deinit
 .text.vendord_reset
                0x10005c84       0x24 CMakeFiles/HW3.dir/Users/zanderchierici/.pico-sdk/sdk/2.1.1/lib/tinyusb/src/class/vendor/vendor_device.c.o
                0x10005c84                vendord_reset
 .text.vendord_open
                0x10005ca8       0xf4 CMakeFiles/HW3.dir/Users/zanderchierici/.pico-sdk/sdk/2.1.1/lib/tinyusb/src/class/vendor/vendor_device.c.o
                0x10005ca8                vendord_open
 .text.vendord_xfer_cb
                0x10005d9c       0x88 CMakeFiles/HW3.dir/Users/zanderchierici/.pico-sdk/sdk/2.1.1/lib/tinyusb/src/class/vendor/vendor_device.c.o
                0x10005d9c                vendord_xfer_cb
 .text.tusb_rhport_init
                0x10005e24       0x64 CMakeFiles/HW3.dir/Users/zanderchierici/.pico-sdk/sdk/2.1.1/lib/tinyusb/src/tusb.c.o
                0x10005e24                tusb_rhport_init
 .text.tu_edpt_claim
                0x10005e88       0x54 CMakeFiles/HW3.dir/Users/zanderchierici/.pico-sdk/sdk/2.1.1/lib/tinyusb/src/tusb.c.o
                0x10005e88                tu_edpt_claim
 .text.tu_edpt_release
                0x10005edc       0x38 CMakeFiles/HW3.dir/Users/zanderchierici/.pico-sdk/sdk/2.1.1/lib/tinyusb/src/tusb.c.o
                0x10005edc                tu_edpt_release
 .text.tu_edpt_validate
                0x10005f14       0x60 CMakeFiles/HW3.dir/Users/zanderchierici/.pico-sdk/sdk/2.1.1/lib/tinyusb/src/tusb.c.o
                0x10005f14                tu_edpt_validate
 .text.tu_edpt_bind_driver
                0x10005f74       0x58 CMakeFiles/HW3.dir/Users/zanderchierici/.pico-sdk/sdk/2.1.1/lib/tinyusb/src/tusb.c.o
                0x10005f74                tu_edpt_bind_driver
 .text.tu_edpt_stream_init
                0x10005fcc       0x58 CMakeFiles/HW3.dir/Users/zanderchierici/.pico-sdk/sdk/2.1.1/lib/tinyusb/src/tusb.c.o
                0x10005fcc                tu_edpt_stream_init
 .text.tu_edpt_stream_deinit
                0x10006024        0x4 CMakeFiles/HW3.dir/Users/zanderchierici/.pico-sdk/sdk/2.1.1/lib/tinyusb/src/tusb.c.o
                0x10006024                tu_edpt_stream_deinit
 .text.tu_edpt_stream_write_zlp_if_needed
                0x10006028       0x68 CMakeFiles/HW3.dir/Users/zanderchierici/.pico-sdk/sdk/2.1.1/lib/tinyusb/src/tusb.c.o
                0x10006028                tu_edpt_stream_write_zlp_if_needed
 .text.tu_edpt_stream_write_xfer
                0x10006090       0x70 CMakeFiles/HW3.dir/Users/zanderchierici/.pico-sdk/sdk/2.1.1/lib/tinyusb/src/tusb.c.o
                0x10006090                tu_edpt_stream_write_xfer
 .text.tu_edpt_stream_read_xfer
                0x10006100       0xc8 CMakeFiles/HW3.dir/Users/zanderchierici/.pico-sdk/sdk/2.1.1/lib/tinyusb/src/tusb.c.o
                0x10006100                tu_edpt_stream_read_xfer
 .text.tu_fifo_config
                0x100061c8       0x60 CMakeFiles/HW3.dir/Users/zanderchierici/.pico-sdk/sdk/2.1.1/lib/tinyusb/src/common/tusb_fifo.c.o
                0x100061c8                tu_fifo_config
 .text.tu_fifo_count
                0x10006228       0x20 CMakeFiles/HW3.dir/Users/zanderchierici/.pico-sdk/sdk/2.1.1/lib/tinyusb/src/common/tusb_fifo.c.o
                0x10006228                tu_fifo_count
 .text.tu_fifo_empty
                0x10006248       0x14 CMakeFiles/HW3.dir/Users/zanderchierici/.pico-sdk/sdk/2.1.1/lib/tinyusb/src/common/tusb_fifo.c.o
                0x10006248                tu_fifo_empty
 .text.tu_fifo_remaining
                0x1000625c       0x24 CMakeFiles/HW3.dir/Users/zanderchierici/.pico-sdk/sdk/2.1.1/lib/tinyusb/src/common/tusb_fifo.c.o
                0x1000625c                tu_fifo_remaining
 .text.tu_fifo_read
                0x10006280       0x94 CMakeFiles/HW3.dir/Users/zanderchierici/.pico-sdk/sdk/2.1.1/lib/tinyusb/src/common/tusb_fifo.c.o
                0x10006280                tu_fifo_read
 .text.tu_fifo_read_n
                0x10006314       0xd8 CMakeFiles/HW3.dir/Users/zanderchierici/.pico-sdk/sdk/2.1.1/lib/tinyusb/src/common/tusb_fifo.c.o
                0x10006314                tu_fifo_read_n
 .text.tu_fifo_write
                0x100063ec       0xa4 CMakeFiles/HW3.dir/Users/zanderchierici/.pico-sdk/sdk/2.1.1/lib/tinyusb/src/common/tusb_fifo.c.o
                0x100063ec                tu_fifo_write
 .text.tu_fifo_write_n
                0x10006490      0x15c CMakeFiles/HW3.dir/Users/zanderchierici/.pico-sdk/sdk/2.1.1/lib/tinyusb/src/common/tusb_fifo.c.o
                0x10006490                tu_fifo_write_n
 .text.tu_fifo_clear
                0x100065ec       0x38 CMakeFiles/HW3.dir/Users/zanderchierici/.pico-sdk/sdk/2.1.1/lib/tinyusb/src/common/tusb_fifo.c.o
                0x100065ec                tu_fifo_clear
 .text.tu_fifo_set_overwritable
                0x10006624       0x3c CMakeFiles/HW3.dir/Users/zanderchierici/.pico-sdk/sdk/2.1.1/lib/tinyusb/src/common/tusb_fifo.c.o
                0x10006624                tu_fifo_set_overwritable
 .text.adc_init
                0x10006660       0x30 CMakeFiles/HW3.dir/Users/zanderchierici/.pico-sdk/sdk/2.1.1/src/rp2_common/hardware_adc/adc.c.o
                0x10006660                adc_init
 .text._calloc_r
                0x10006690       0x70 /Users/zanderchierici/.pico-sdk/toolchain/14_2_Rel1/bin/../lib/gcc/arm-none-eabi/14.2.1/../../../../arm-none-eabi/lib/thumb/v8-m.main+fp/softfp/libg.a(libc_a-callocr.o)
                0x10006690                _calloc_r
 .text.malloc   0x10006700       0x10 /Users/zanderchierici/.pico-sdk/toolchain/14_2_Rel1/bin/../lib/gcc/arm-none-eabi/14.2.1/../../../../arm-none-eabi/lib/thumb/v8-m.main+fp/softfp/libg.a(libc_a-malloc.o)
                0x10006700                malloc
 .text.free     0x10006710       0x10 /Users/zanderchierici/.pico-sdk/toolchain/14_2_Rel1/bin/../lib/gcc/arm-none-eabi/14.2.1/../../../../arm-none-eabi/lib/thumb/v8-m.main+fp/softfp/libg.a(libc_a-malloc.o)
                0x10006710                free
 .text._malloc_r
                0x10006720      0x578 /Users/zanderchierici/.pico-sdk/toolchain/14_2_Rel1/bin/../lib/gcc/arm-none-eabi/14.2.1/../../../../arm-none-eabi/lib/thumb/v8-m.main+fp/softfp/libg.a(libc_a-mallocr.o)
                0x10006720                _malloc_r
 .text.__malloc_lock
                0x10006c98        0xc /Users/zanderchierici/.pico-sdk/toolchain/14_2_Rel1/bin/../lib/gcc/arm-none-eabi/14.2.1/../../../../arm-none-eabi/lib/thumb/v8-m.main+fp/softfp/libg.a(libc_a-mlock.o)
                0x10006c98                __malloc_lock
 .text.__malloc_unlock
                0x10006ca4        0xc /Users/zanderchierici/.pico-sdk/toolchain/14_2_Rel1/bin/../lib/gcc/arm-none-eabi/14.2.1/../../../../arm-none-eabi/lib/thumb/v8-m.main+fp/softfp/libg.a(libc_a-mlock.o)
                0x10006ca4                __malloc_unlock
 .text.realloc  0x10006cb0       0x10 /Users/zanderchierici/.pico-sdk/toolchain/14_2_Rel1/bin/../lib/gcc/arm-none-eabi/14.2.1/../../../../arm-none-eabi/lib/thumb/v8-m.main+fp/softfp/libg.a(libc_a-realloc.o)
                0x10006cb0                realloc
 .text._realloc_r
                0x10006cc0      0x374 /Users/zanderchierici/.pico-sdk/toolchain/14_2_Rel1/bin/../lib/gcc/arm-none-eabi/14.2.1/../../../../arm-none-eabi/lib/thumb/v8-m.main+fp/softfp/libg.a(libc_a-reallocr.o)
                0x10006cc0                _realloc_r
 .text.scanf    0x10007034       0x28 /Users/zanderchierici/.pico-sdk/toolchain/14_2_Rel1/bin/../lib/gcc/arm-none-eabi/14.2.1/../../../../arm-none-eabi/lib/thumb/v8-m.main+fp/softfp/libg.a(libc_a-scanf.o)
                0x10007034                scanf
 .text.memmove  0x1000705c       0xfc /Users/zanderchierici/.pico-sdk/toolchain/14_2_Rel1/bin/../lib/gcc/arm-none-eabi/14.2.1/../../../../arm-none-eabi/lib/thumb/v8-m.main+fp/softfp/libg.a(libc_a-memmove.o)
                0x1000705c                memmove
 .text.memset   0x10007158       0x9c /Users/zanderchierici/.pico-sdk/toolchain/14_2_Rel1/bin/../lib/gcc/arm-none-eabi/14.2.1/../../../../arm-none-eabi/lib/thumb/v8-m.main+fp/softfp/libg.a(libc_a-memset.o)
                0x10007158                memset
 .text._sbrk_r  0x100071f4       0x24 /Users/zanderchierici/.pico-sdk/toolchain/14_2_Rel1/bin/../lib/gcc/arm-none-eabi/14.2.1/../../../../arm-none-eabi/lib/thumb/v8-m.main+fp/softfp/libg.a(libc_a-sbrkr.o)
                0x100071f4                _sbrk_r
 .text.__errno  0x10007218        0xc /Users/zanderchierici/.pico-sdk/toolchain/14_2_Rel1/bin/../lib/gcc/arm-none-eabi/14.2.1/../../../../arm-none-eabi/lib/thumb/v8-m.main+fp/softfp/libg.a(libc_a-errno.o)
                0x10007218                __errno
 .text.sysconf  0x10007224       0x1c /Users/zanderchierici/.pico-sdk/toolchain/14_2_Rel1/bin/../lib/gcc/arm-none-eabi/14.2.1/../../../../arm-none-eabi/lib/thumb/v8-m.main+fp/softfp/libg.a(libc_a-sysconf.o)
                0x10007224                sysconf
 .text          0x10007240      0x1bc /Users/zanderchierici/.pico-sdk/toolchain/14_2_Rel1/bin/../lib/gcc/arm-none-eabi/14.2.1/../../../../arm-none-eabi/lib/thumb/v8-m.main+fp/softfp/libg.a(libc_a-strcmp.o)
                0x10007240                strcmp
 .text.__retarget_lock_init_recursive
                0x100073fc        0x4 /Users/zanderchierici/.pico-sdk/toolchain/14_2_Rel1/bin/../lib/gcc/arm-none-eabi/14.2.1/../../../../arm-none-eabi/lib/thumb/v8-m.main+fp/softfp/libg.a(libc_a-lock.o)
                0x100073fc                __retarget_lock_init_recursive
 .text.__retarget_lock_close_recursive
                0x10007400        0x4 /Users/zanderchierici/.pico-sdk/toolchain/14_2_Rel1/bin/../lib/gcc/arm-none-eabi/14.2.1/../../../../arm-none-eabi/lib/thumb/v8-m.main+fp/softfp/libg.a(libc_a-lock.o)
                0x10007400                __retarget_lock_close_recursive
 .text.__retarget_lock_acquire_recursive
                0x10007404        0x4 /Users/zanderchierici/.pico-sdk/toolchain/14_2_Rel1/bin/../lib/gcc/arm-none-eabi/14.2.1/../../../../arm-none-eabi/lib/thumb/v8-m.main+fp/softfp/libg.a(libc_a-lock.o)
                0x10007404                __retarget_lock_acquire_recursive
 .text.__retarget_lock_release_recursive
                0x10007408        0x4 /Users/zanderchierici/.pico-sdk/toolchain/14_2_Rel1/bin/../lib/gcc/arm-none-eabi/14.2.1/../../../../arm-none-eabi/lib/thumb/v8-m.main+fp/softfp/libg.a(libc_a-lock.o)
                0x10007408                __retarget_lock_release_recursive
 .text          0x1000740c       0xec /Users/zanderchierici/.pico-sdk/toolchain/14_2_Rel1/bin/../lib/gcc/arm-none-eabi/14.2.1/../../../../arm-none-eabi/lib/thumb/v8-m.main+fp/softfp/libg.a(libc_a-memcpy.o)
                0x1000740c                memcpy
 .text.strlen   0x100074f8       0x5c /Users/zanderchierici/.pico-sdk/toolchain/14_2_Rel1/bin/../lib/gcc/arm-none-eabi/14.2.1/../../../../arm-none-eabi/lib/thumb/v8-m.main+fp/softfp/libg.a(libc_a-strlen-stub.o)
                0x100074f8                strlen
 .text._malloc_trim_r
                0x10007554       0xb8 /Users/zanderchierici/.pico-sdk/toolchain/14_2_Rel1/bin/../lib/gcc/arm-none-eabi/14.2.1/../../../../arm-none-eabi/lib/thumb/v8-m.main+fp/softfp/libg.a(libc_a-freer.o)
                0x10007554                _malloc_trim_r
 .text._free_r  0x1000760c      0x1e8 /Users/zanderchierici/.pico-sdk/toolchain/14_2_Rel1/bin/../lib/gcc/arm-none-eabi/14.2.1/../../../../arm-none-eabi/lib/thumb/v8-m.main+fp/softfp/libg.a(libc_a-freer.o)
                0x1000760c                _free_r
 .text.__svfscanf_r
                0x100077f4     0x1a18 /Users/zanderchierici/.pico-sdk/toolchain/14_2_Rel1/bin/../lib/gcc/arm-none-eabi/14.2.1/../../../../arm-none-eabi/lib/thumb/v8-m.main+fp/softfp/libg.a(libc_a-vfscanf.o)
                0x100077f4                __svfscanf_r
 .text._vfscanf_r
                0x1000920c       0x34 /Users/zanderchierici/.pico-sdk/toolchain/14_2_Rel1/bin/../lib/gcc/arm-none-eabi/14.2.1/../../../../arm-none-eabi/lib/thumb/v8-m.main+fp/softfp/libg.a(libc_a-vfscanf.o)
                0x1000920c                _vfscanf_r
 .text._strtod_l
                0x10009240     0x1068 /Users/zanderchierici/.pico-sdk/toolchain/14_2_Rel1/bin/../lib/gcc/arm-none-eabi/14.2.1/../../../../arm-none-eabi/lib/thumb/v8-m.main+fp/softfp/libg.a(libc_a-strtod.o)
                0x10009240                _strtod_l
 .text._strtod_r
                0x1000a2a8        0xc /Users/zanderchierici/.pico-sdk/toolchain/14_2_Rel1/bin/../lib/gcc/arm-none-eabi/14.2.1/../../../../arm-none-eabi/lib/thumb/v8-m.main+fp/softfp/libg.a(libc_a-strtod.o)
                0x1000a2a8                _strtod_r
 .text._strtol_l.part.0
                0x1000a2b4      0x1c8 /Users/zanderchierici/.pico-sdk/toolchain/14_2_Rel1/bin/../lib/gcc/arm-none-eabi/14.2.1/../../../../arm-none-eabi/lib/thumb/v8-m.main+fp/softfp/libg.a(libc_a-strtol.o)
 .text._strtol_r
                0x1000a47c       0x1c /Users/zanderchierici/.pico-sdk/toolchain/14_2_Rel1/bin/../lib/gcc/arm-none-eabi/14.2.1/../../../../arm-none-eabi/lib/thumb/v8-m.main+fp/softfp/libg.a(libc_a-strtol.o)
                0x1000a47c                _strtol_r
 .text._strtoul_l.isra.0
                0x1000a498      0x128 /Users/zanderchierici/.pico-sdk/toolchain/14_2_Rel1/bin/../lib/gcc/arm-none-eabi/14.2.1/../../../../arm-none-eabi/lib/thumb/v8-m.main+fp/softfp/libg.a(libc_a-strtoul.o)
 .text._strtoul_r
                0x1000a5c0        0x4 /Users/zanderchierici/.pico-sdk/toolchain/14_2_Rel1/bin/../lib/gcc/arm-none-eabi/14.2.1/../../../../arm-none-eabi/lib/thumb/v8-m.main+fp/softfp/libg.a(libc_a-strtoul.o)
                0x1000a5c0                _strtoul_r
 .text.lflush   0x1000a5c4       0x1c /Users/zanderchierici/.pico-sdk/toolchain/14_2_Rel1/bin/../lib/gcc/arm-none-eabi/14.2.1/../../../../arm-none-eabi/lib/thumb/v8-m.main+fp/softfp/libg.a(libc_a-refill.o)
 .text.__srefill_r
                0x1000a5e0       0xf8 /Users/zanderchierici/.pico-sdk/toolchain/14_2_Rel1/bin/../lib/gcc/arm-none-eabi/14.2.1/../../../../arm-none-eabi/lib/thumb/v8-m.main+fp/softfp/libg.a(libc_a-refill.o)
                0x1000a5e0                __srefill_r
 .text.__sccl   0x1000a6d8       0xa0 /Users/zanderchierici/.pico-sdk/toolchain/14_2_Rel1/bin/../lib/gcc/arm-none-eabi/14.2.1/../../../../arm-none-eabi/lib/thumb/v8-m.main+fp/softfp/libg.a(libc_a-sccl.o)
                0x1000a6d8                __sccl
 .text.__sflush_r
                0x1000a778      0x134 /Users/zanderchierici/.pico-sdk/toolchain/14_2_Rel1/bin/../lib/gcc/arm-none-eabi/14.2.1/../../../../arm-none-eabi/lib/thumb/v8-m.main+fp/softfp/libg.a(libc_a-fflush.o)
                0x1000a778                __sflush_r
 .text._fflush_r
                0x1000a8ac       0x54 /Users/zanderchierici/.pico-sdk/toolchain/14_2_Rel1/bin/../lib/gcc/arm-none-eabi/14.2.1/../../../../arm-none-eabi/lib/thumb/v8-m.main+fp/softfp/libg.a(libc_a-fflush.o)
                0x1000a8ac                _fflush_r
 .text.__sread  0x1000a900       0x24 /Users/zanderchierici/.pico-sdk/toolchain/14_2_Rel1/bin/../lib/gcc/arm-none-eabi/14.2.1/../../../../arm-none-eabi/lib/thumb/v8-m.main+fp/softfp/libg.a(libc_a-stdio.o)
                0x1000a900                __sread
 .text.__swrite
                0x1000a924       0x40 /Users/zanderchierici/.pico-sdk/toolchain/14_2_Rel1/bin/../lib/gcc/arm-none-eabi/14.2.1/../../../../arm-none-eabi/lib/thumb/v8-m.main+fp/softfp/libg.a(libc_a-stdio.o)
                0x1000a924                __swrite
 .text.__sseek  0x1000a964       0x28 /Users/zanderchierici/.pico-sdk/toolchain/14_2_Rel1/bin/../lib/gcc/arm-none-eabi/14.2.1/../../../../arm-none-eabi/lib/thumb/v8-m.main+fp/softfp/libg.a(libc_a-stdio.o)
                0x1000a964                __sseek
 .text.__sclose
                0x1000a98c        0x8 /Users/zanderchierici/.pico-sdk/toolchain/14_2_Rel1/bin/../lib/gcc/arm-none-eabi/14.2.1/../../../../arm-none-eabi/lib/thumb/v8-m.main+fp/softfp/libg.a(libc_a-stdio.o)
                0x1000a98c                __sclose
 .text.stdio_exit_handler
                0x1000a994       0x18 /Users/zanderchierici/.pico-sdk/toolchain/14_2_Rel1/bin/../lib/gcc/arm-none-eabi/14.2.1/../../../../arm-none-eabi/lib/thumb/v8-m.main+fp/softfp/libg.a(libc_a-findfp.o)
 .text.cleanup_stdio
                0x1000a9ac       0x40 /Users/zanderchierici/.pico-sdk/toolchain/14_2_Rel1/bin/../lib/gcc/arm-none-eabi/14.2.1/../../../../arm-none-eabi/lib/thumb/v8-m.main+fp/softfp/libg.a(libc_a-findfp.o)
 .text.global_stdio_init.part.0
                0x1000a9ec       0xf0 /Users/zanderchierici/.pico-sdk/toolchain/14_2_Rel1/bin/../lib/gcc/arm-none-eabi/14.2.1/../../../../arm-none-eabi/lib/thumb/v8-m.main+fp/softfp/libg.a(libc_a-findfp.o)
 .text.__sinit  0x1000aadc       0x3c /Users/zanderchierici/.pico-sdk/toolchain/14_2_Rel1/bin/../lib/gcc/arm-none-eabi/14.2.1/../../../../arm-none-eabi/lib/thumb/v8-m.main+fp/softfp/libg.a(libc_a-findfp.o)
                0x1000aadc                __sinit
 .text.__sfp_lock_acquire
                0x1000ab18        0xc /Users/zanderchierici/.pico-sdk/toolchain/14_2_Rel1/bin/../lib/gcc/arm-none-eabi/14.2.1/../../../../arm-none-eabi/lib/thumb/v8-m.main+fp/softfp/libg.a(libc_a-findfp.o)
                0x1000ab18                __sfp_lock_acquire
 .text.__sfp_lock_release
                0x1000ab24        0xc /Users/zanderchierici/.pico-sdk/toolchain/14_2_Rel1/bin/../lib/gcc/arm-none-eabi/14.2.1/../../../../arm-none-eabi/lib/thumb/v8-m.main+fp/softfp/libg.a(libc_a-findfp.o)
                0x1000ab24                __sfp_lock_release
 .text.__submore
                0x1000ab30       0x74 /Users/zanderchierici/.pico-sdk/toolchain/14_2_Rel1/bin/../lib/gcc/arm-none-eabi/14.2.1/../../../../arm-none-eabi/lib/thumb/v8-m.main+fp/softfp/libg.a(libc_a-ungetc.o)
                0x1000ab30                __submore
 .text._ungetc_r
                0x1000aba4      0x124 /Users/zanderchierici/.pico-sdk/toolchain/14_2_Rel1/bin/../lib/gcc/arm-none-eabi/14.2.1/../../../../arm-none-eabi/lib/thumb/v8-m.main+fp/softfp/libg.a(libc_a-ungetc.o)
                0x1000aba4                _ungetc_r
 .text._fread_r
                0x1000acc8      0x1d0 /Users/zanderchierici/.pico-sdk/toolchain/14_2_Rel1/bin/../lib/gcc/arm-none-eabi/14.2.1/../../../../arm-none-eabi/lib/thumb/v8-m.main+fp/softfp/libg.a(libc_a-fread.o)
                0x1000acc8                _fread_r
 .text.strncmp  0x1000ae98       0x74 /Users/zanderchierici/.pico-sdk/toolchain/14_2_Rel1/bin/../lib/gcc/arm-none-eabi/14.2.1/../../../../arm-none-eabi/lib/thumb/v8-m.main+fp/softfp/libg.a(libc_a-strncmp.o)
                0x1000ae98                strncmp
 .text.stpncpy  0x1000af0c       0x6c /Users/zanderchierici/.pico-sdk/toolchain/14_2_Rel1/bin/../lib/gcc/arm-none-eabi/14.2.1/../../../../arm-none-eabi/lib/thumb/v8-m.main+fp/softfp/libg.a(libc_a-stpncpy.o)
                0x1000af0c                stpncpy
 .text.__locale_mb_cur_max
                0x1000af78        0xc /Users/zanderchierici/.pico-sdk/toolchain/14_2_Rel1/bin/../lib/gcc/arm-none-eabi/14.2.1/../../../../arm-none-eabi/lib/thumb/v8-m.main+fp/softfp/libg.a(libc_a-locale.o)
                0x1000af78                __locale_mb_cur_max
 .text._localeconv_r
                0x1000af84        0x8 /Users/zanderchierici/.pico-sdk/toolchain/14_2_Rel1/bin/../lib/gcc/arm-none-eabi/14.2.1/../../../../arm-none-eabi/lib/thumb/v8-m.main+fp/softfp/libg.a(libc_a-localeconv.o)
                0x1000af84                _localeconv_r
 .text._close_r
                0x1000af8c       0x24 /Users/zanderchierici/.pico-sdk/toolchain/14_2_Rel1/bin/../lib/gcc/arm-none-eabi/14.2.1/../../../../arm-none-eabi/lib/thumb/v8-m.main+fp/softfp/libg.a(libc_a-closer.o)
                0x1000af8c                _close_r
 .text._lseek_r
                0x1000afb0       0x2c /Users/zanderchierici/.pico-sdk/toolchain/14_2_Rel1/bin/../lib/gcc/arm-none-eabi/14.2.1/../../../../arm-none-eabi/lib/thumb/v8-m.main+fp/softfp/libg.a(libc_a-lseekr.o)
                0x1000afb0                _lseek_r
 .text._read_r  0x1000afdc       0x2c /Users/zanderchierici/.pico-sdk/toolchain/14_2_Rel1/bin/../lib/gcc/arm-none-eabi/14.2.1/../../../../arm-none-eabi/lib/thumb/v8-m.main+fp/softfp/libg.a(libc_a-readr.o)
                0x1000afdc                _read_r
 .text._strtoll_l.isra.0
                0x1000b008      0x2b8 /Users/zanderchierici/.pico-sdk/toolchain/14_2_Rel1/bin/../lib/gcc/arm-none-eabi/14.2.1/../../../../arm-none-eabi/lib/thumb/v8-m.main+fp/softfp/libg.a(libc_a-strtoll.o)
 .text._strtoll_r
                0x1000b2c0        0x4 /Users/zanderchierici/.pico-sdk/toolchain/14_2_Rel1/bin/../lib/gcc/arm-none-eabi/14.2.1/../../../../arm-none-eabi/lib/thumb/v8-m.main+fp/softfp/libg.a(libc_a-strtoll.o)
                0x1000b2c0                _strtoll_r
 .text._strtoull_l.isra.0
                0x1000b2c4      0x188 /Users/zanderchierici/.pico-sdk/toolchain/14_2_Rel1/bin/../lib/gcc/arm-none-eabi/14.2.1/../../../../arm-none-eabi/lib/thumb/v8-m.main+fp/softfp/libg.a(libc_a-strtoull.o)
 .text._strtoull_r
                0x1000b44c        0x4 /Users/zanderchierici/.pico-sdk/toolchain/14_2_Rel1/bin/../lib/gcc/arm-none-eabi/14.2.1/../../../../arm-none-eabi/lib/thumb/v8-m.main+fp/softfp/libg.a(libc_a-strtoull.o)
                0x1000b44c                _strtoull_r
 .text._write_r
                0x1000b450       0x2c /Users/zanderchierici/.pico-sdk/toolchain/14_2_Rel1/bin/../lib/gcc/arm-none-eabi/14.2.1/../../../../arm-none-eabi/lib/thumb/v8-m.main+fp/softfp/libg.a(libc_a-writer.o)
                0x1000b450                _write_r
 .text._mbrtowc_r
                0x1000b47c       0x54 /Users/zanderchierici/.pico-sdk/toolchain/14_2_Rel1/bin/../lib/gcc/arm-none-eabi/14.2.1/../../../../arm-none-eabi/lib/thumb/v8-m.main+fp/softfp/libg.a(libc_a-mbrtowc.o)
                0x1000b47c                _mbrtowc_r
 .text.iswspace
                0x1000b4d0        0x8 /Users/zanderchierici/.pico-sdk/toolchain/14_2_Rel1/bin/../lib/gcc/arm-none-eabi/14.2.1/../../../../arm-none-eabi/lib/thumb/v8-m.main+fp/softfp/libg.a(libc_a-iswspace.o)
                0x1000b4d0                iswspace
 .text.iswspace_l
                0x1000b4d8       0x28 /Users/zanderchierici/.pico-sdk/toolchain/14_2_Rel1/bin/../lib/gcc/arm-none-eabi/14.2.1/../../../../arm-none-eabi/lib/thumb/v8-m.main+fp/softfp/libg.a(libc_a-iswspace_l.o)
                0x1000b4d8                iswspace_l
 .text.nan      0x1000b500        0xc /Users/zanderchierici/.pico-sdk/toolchain/14_2_Rel1/bin/../lib/gcc/arm-none-eabi/14.2.1/../../../../arm-none-eabi/lib/thumb/v8-m.main+fp/softfp/libg.a(libm_a-s_nan.o)
                0x1000b500                nan
 .text.nanf     0x1000b50c        0x8 /Users/zanderchierici/.pico-sdk/toolchain/14_2_Rel1/bin/../lib/gcc/arm-none-eabi/14.2.1/../../../../arm-none-eabi/lib/thumb/v8-m.main+fp/softfp/libg.a(libm_a-sf_nan.o)
                0x1000b50c                nanf
 .text.__jp2uc  0x1000b514      0x14c /Users/zanderchierici/.pico-sdk/toolchain/14_2_Rel1/bin/../lib/gcc/arm-none-eabi/14.2.1/../../../../arm-none-eabi/lib/thumb/v8-m.main+fp/softfp/libg.a(libc_a-jp2uc.o)
 .text._jp2uc_l
                0x1000b660       0x64 /Users/zanderchierici/.pico-sdk/toolchain/14_2_Rel1/bin/../lib/gcc/arm-none-eabi/14.2.1/../../../../arm-none-eabi/lib/thumb/v8-m.main+fp/softfp/libg.a(libc_a-jp2uc.o)
                0x1000b660                _jp2uc_l
 .text.category
                0x1000b6c4       0x60 /Users/zanderchierici/.pico-sdk/toolchain/14_2_Rel1/bin/../lib/gcc/arm-none-eabi/14.2.1/../../../../arm-none-eabi/lib/thumb/v8-m.main+fp/softfp/libg.a(libc_a-categories.o)
                0x1000b6c4                category
 .text.rshift   0x1000b724       0xac /Users/zanderchierici/.pico-sdk/toolchain/14_2_Rel1/bin/../lib/gcc/arm-none-eabi/14.2.1/../../../../arm-none-eabi/lib/thumb/v8-m.main+fp/softfp/libg.a(libc_a-gdtoa-gethex.o)
 .text.__gethex
                0x1000b7d0      0x608 /Users/zanderchierici/.pico-sdk/toolchain/14_2_Rel1/bin/../lib/gcc/arm-none-eabi/14.2.1/../../../../arm-none-eabi/lib/thumb/v8-m.main+fp/softfp/libg.a(libc_a-gdtoa-gethex.o)
                0x1000b7d0                __gethex
 .text.__match  0x1000bdd8       0x34 /Users/zanderchierici/.pico-sdk/toolchain/14_2_Rel1/bin/../lib/gcc/arm-none-eabi/14.2.1/../../../../arm-none-eabi/lib/thumb/v8-m.main+fp/softfp/libg.a(libc_a-gdtoa-hexnan.o)
                0x1000bdd8                __match
 .text.__hexnan
                0x1000be0c      0x1c4 /Users/zanderchierici/.pico-sdk/toolchain/14_2_Rel1/bin/../lib/gcc/arm-none-eabi/14.2.1/../../../../arm-none-eabi/lib/thumb/v8-m.main+fp/softfp/libg.a(libc_a-gdtoa-hexnan.o)
                0x1000be0c                __hexnan
 .text.__ascii_mbtowc
                0x1000bfd0       0x2c /Users/zanderchierici/.pico-sdk/toolchain/14_2_Rel1/bin/../lib/gcc/arm-none-eabi/14.2.1/../../../../arm-none-eabi/lib/thumb/v8-m.main+fp/softfp/libg.a(libc_a-mbtowc_r.o)
                0x1000bfd0                __ascii_mbtowc
 .text._fwalk_sglue
                0x1000bffc       0x44 /Users/zanderchierici/.pico-sdk/toolchain/14_2_Rel1/bin/../lib/gcc/arm-none-eabi/14.2.1/../../../../arm-none-eabi/lib/thumb/v8-m.main+fp/softfp/libg.a(libc_a-fwalk.o)
                0x1000bffc                _fwalk_sglue
 .text._Balloc  0x1000c040       0x4c /Users/zanderchierici/.pico-sdk/toolchain/14_2_Rel1/bin/../lib/gcc/arm-none-eabi/14.2.1/../../../../arm-none-eabi/lib/thumb/v8-m.main+fp/softfp/libg.a(libc_a-mprec.o)
                0x1000c040                _Balloc
 .text._Bfree   0x1000c08c       0x14 /Users/zanderchierici/.pico-sdk/toolchain/14_2_Rel1/bin/../lib/gcc/arm-none-eabi/14.2.1/../../../../arm-none-eabi/lib/thumb/v8-m.main+fp/softfp/libg.a(libc_a-mprec.o)
                0x1000c08c                _Bfree
 .text.__multadd
                0x1000c0a0       0xa4 /Users/zanderchierici/.pico-sdk/toolchain/14_2_Rel1/bin/../lib/gcc/arm-none-eabi/14.2.1/../../../../arm-none-eabi/lib/thumb/v8-m.main+fp/softfp/libg.a(libc_a-mprec.o)
                0x1000c0a0                __multadd
 .text.__s2b    0x1000c144       0xb0 /Users/zanderchierici/.pico-sdk/toolchain/14_2_Rel1/bin/../lib/gcc/arm-none-eabi/14.2.1/../../../../arm-none-eabi/lib/thumb/v8-m.main+fp/softfp/libg.a(libc_a-mprec.o)
                0x1000c144                __s2b
 .text.__hi0bits
                0x1000c1f4       0x54 /Users/zanderchierici/.pico-sdk/toolchain/14_2_Rel1/bin/../lib/gcc/arm-none-eabi/14.2.1/../../../../arm-none-eabi/lib/thumb/v8-m.main+fp/softfp/libg.a(libc_a-mprec.o)
                0x1000c1f4                __hi0bits
 .text.__lo0bits
                0x1000c248       0x80 /Users/zanderchierici/.pico-sdk/toolchain/14_2_Rel1/bin/../lib/gcc/arm-none-eabi/14.2.1/../../../../arm-none-eabi/lib/thumb/v8-m.main+fp/softfp/libg.a(libc_a-mprec.o)
                0x1000c248                __lo0bits
 .text.__i2b    0x1000c2c8       0x5c /Users/zanderchierici/.pico-sdk/toolchain/14_2_Rel1/bin/../lib/gcc/arm-none-eabi/14.2.1/../../../../arm-none-eabi/lib/thumb/v8-m.main+fp/softfp/libg.a(libc_a-mprec.o)
                0x1000c2c8                __i2b
 .text.__multiply
                0x1000c324      0x168 /Users/zanderchierici/.pico-sdk/toolchain/14_2_Rel1/bin/../lib/gcc/arm-none-eabi/14.2.1/../../../../arm-none-eabi/lib/thumb/v8-m.main+fp/softfp/libg.a(libc_a-mprec.o)
                0x1000c324                __multiply
 .text.__pow5mult
                0x1000c48c       0xc0 /Users/zanderchierici/.pico-sdk/toolchain/14_2_Rel1/bin/../lib/gcc/arm-none-eabi/14.2.1/../../../../arm-none-eabi/lib/thumb/v8-m.main+fp/softfp/libg.a(libc_a-mprec.o)
                0x1000c48c                __pow5mult
 .text.__lshift
                0x1000c54c       0xe4 /Users/zanderchierici/.pico-sdk/toolchain/14_2_Rel1/bin/../lib/gcc/arm-none-eabi/14.2.1/../../../../arm-none-eabi/lib/thumb/v8-m.main+fp/softfp/libg.a(libc_a-mprec.o)
                0x1000c54c                __lshift
 .text.__mcmp   0x1000c630       0x44 /Users/zanderchierici/.pico-sdk/toolchain/14_2_Rel1/bin/../lib/gcc/arm-none-eabi/14.2.1/../../../../arm-none-eabi/lib/thumb/v8-m.main+fp/softfp/libg.a(libc_a-mprec.o)
                0x1000c630                __mcmp
 .text.__mdiff  0x1000c674      0x170 /Users/zanderchierici/.pico-sdk/toolchain/14_2_Rel1/bin/../lib/gcc/arm-none-eabi/14.2.1/../../../../arm-none-eabi/lib/thumb/v8-m.main+fp/softfp/libg.a(libc_a-mprec.o)
                0x1000c674                __mdiff
 .text.__ulp    0x1000c7e4       0x4c /Users/zanderchierici/.pico-sdk/toolchain/14_2_Rel1/bin/../lib/gcc/arm-none-eabi/14.2.1/../../../../arm-none-eabi/lib/thumb/v8-m.main+fp/softfp/libg.a(libc_a-mprec.o)
                0x1000c7e4                __ulp
 .text.__b2d    0x1000c830       0xc0 /Users/zanderchierici/.pico-sdk/toolchain/14_2_Rel1/bin/../lib/gcc/arm-none-eabi/14.2.1/../../../../arm-none-eabi/lib/thumb/v8-m.main+fp/softfp/libg.a(libc_a-mprec.o)
                0x1000c830                __b2d
 .text.__d2b    0x1000c8f0       0xbc /Users/zanderchierici/.pico-sdk/toolchain/14_2_Rel1/bin/../lib/gcc/arm-none-eabi/14.2.1/../../../../arm-none-eabi/lib/thumb/v8-m.main+fp/softfp/libg.a(libc_a-mprec.o)
                0x1000c8f0                __d2b
 .text.__ratio  0x1000c9ac       0x5c /Users/zanderchierici/.pico-sdk/toolchain/14_2_Rel1/bin/../lib/gcc/arm-none-eabi/14.2.1/../../../../arm-none-eabi/lib/thumb/v8-m.main+fp/softfp/libg.a(libc_a-mprec.o)
                0x1000c9ac                __ratio
 .text.__copybits
                0x1000ca08       0x5c /Users/zanderchierici/.pico-sdk/toolchain/14_2_Rel1/bin/../lib/gcc/arm-none-eabi/14.2.1/../../../../arm-none-eabi/lib/thumb/v8-m.main+fp/softfp/libg.a(libc_a-mprec.o)
                0x1000ca08                __copybits
 .text.__any_on
                0x1000ca64       0x5c /Users/zanderchierici/.pico-sdk/toolchain/14_2_Rel1/bin/../lib/gcc/arm-none-eabi/14.2.1/../../../../arm-none-eabi/lib/thumb/v8-m.main+fp/softfp/libg.a(libc_a-mprec.o)
                0x1000ca64                __any_on
 .text.__smakebuf_r
                0x1000cac0       0xd0 /Users/zanderchierici/.pico-sdk/toolchain/14_2_Rel1/bin/../lib/gcc/arm-none-eabi/14.2.1/../../../../arm-none-eabi/lib/thumb/v8-m.main+fp/softfp/libg.a(libc_a-makebuf.o)
                0x1000cac0                __smakebuf_r
 .text.__ascii_wctomb
                0x1000cb90       0x1c /Users/zanderchierici/.pico-sdk/toolchain/14_2_Rel1/bin/../lib/gcc/arm-none-eabi/14.2.1/../../../../arm-none-eabi/lib/thumb/v8-m.main+fp/softfp/libg.a(libc_a-wctomb_r.o)
                0x1000cb90                __ascii_wctomb
 .text._fclose_r
                0x1000cbac       0xc0 /Users/zanderchierici/.pico-sdk/toolchain/14_2_Rel1/bin/../lib/gcc/arm-none-eabi/14.2.1/../../../../arm-none-eabi/lib/thumb/v8-m.main+fp/softfp/libg.a(libc_a-fclose.o)
                0x1000cbac                _fclose_r
 .text._fstat_r
                0x1000cc6c       0x2c /Users/zanderchierici/.pico-sdk/toolchain/14_2_Rel1/bin/../lib/gcc/arm-none-eabi/14.2.1/../../../../arm-none-eabi/lib/thumb/v8-m.main+fp/softfp/libg.a(libc_a-fstatr.o)
                0x1000cc6c                _fstat_r
 .text._isatty_r
                0x1000cc98       0x24 /Users/zanderchierici/.pico-sdk/toolchain/14_2_Rel1/bin/../lib/gcc/arm-none-eabi/14.2.1/../../../../arm-none-eabi/lib/thumb/v8-m.main+fp/softfp/libg.a(libc_a-isattyr.o)
                0x1000cc98                _isatty_r
 *(.fini)
 .fini          0x1000ccbc        0x4 /Users/zanderchierici/.pico-sdk/toolchain/14_2_Rel1/bin/../lib/gcc/arm-none-eabi/14.2.1/thumb/v8-m.main+fp/softfp/crti.o
                0x1000ccbc                _fini
 .fini.__stub   0x1000ccc0       0x58 linker stubs
 *crtbegin.o(.ctors)
 *crtbegin?.o(.ctors)
 *(EXCLUDE_FILE(*crtend.o *crtend?.o) .ctors)
 *(SORT_BY_NAME(.ctors.*))
 *(.ctors)
 *crtbegin.o(.dtors)
 *crtbegin?.o(.dtors)
 *(EXCLUDE_FILE(*crtend.o *crtend?.o) .dtors)
 *(SORT_BY_NAME(.dtors.*))
 *(.dtors)
                0x1000cd18                        . = ALIGN (0x4)
                0x1000cd18                        PROVIDE (__preinit_array_start = .)
 *(SORT_BY_NAME(.preinit_array.*))
 .preinit_array.00050
                0x1000cd18        0x4 CMakeFiles/HW3.dir/Users/zanderchierici/.pico-sdk/sdk/2.1.1/src/rp2_common/pico_runtime_init/runtime_init.c.o
                0x1000cd18                __pre_init_runtime_init_bootrom_reset
 .preinit_array.00100
                0x1000cd1c        0x4 CMakeFiles/HW3.dir/Users/zanderchierici/.pico-sdk/sdk/2.1.1/src/rp2_common/pico_runtime_init/runtime_init.c.o
                0x1000cd1c                __pre_init_runtime_init_early_resets
 .preinit_array.00101
                0x1000cd20        0x4 CMakeFiles/HW3.dir/Users/zanderchierici/.pico-sdk/sdk/2.1.1/src/rp2_common/pico_runtime_init/runtime_init.c.o
                0x1000cd20                __pre_init_runtime_init_usb_power_down
 .preinit_array.00500
                0x1000cd24        0x4 CMakeFiles/HW3.dir/Users/zanderchierici/.pico-sdk/sdk/2.1.1/src/rp2_common/pico_runtime_init/runtime_init.c.o
                0x1000cd24                __pre_init_runtime_init_clocks
 .preinit_array.00600
                0x1000cd28        0x4 CMakeFiles/HW3.dir/Users/zanderchierici/.pico-sdk/sdk/2.1.1/src/rp2_common/pico_runtime_init/runtime_init.c.o
                0x1000cd28                __pre_init_runtime_init_post_clock_resets
 .preinit_array.01000
                0x1000cd2c        0x4 CMakeFiles/HW3.dir/Users/zanderchierici/.pico-sdk/sdk/2.1.1/src/rp2_common/hardware_boot_lock/boot_lock.c.o
                0x1000cd2c                __pre_init_runtime_init_boot_locks_reset
 .preinit_array.01000
                0x1000cd30        0x4 CMakeFiles/HW3.dir/Users/zanderchierici/.pico-sdk/sdk/2.1.1/src/rp2_common/pico_runtime_init/runtime_init.c.o
                0x1000cd30                __pre_init_runtime_init_spin_locks_reset
 .preinit_array.01010
                0x1000cd34        0x4 CMakeFiles/HW3.dir/Users/zanderchierici/.pico-sdk/sdk/2.1.1/src/rp2_common/pico_bootrom/bootrom_lock.c.o
                0x1000cd34                __pre_init_runtime_init_bootrom_locking_enable
 .preinit_array.01100
                0x1000cd38        0x4 CMakeFiles/HW3.dir/Users/zanderchierici/.pico-sdk/sdk/2.1.1/src/common/pico_sync/mutex.c.o
                0x1000cd38                __pre_init_runtime_init_mutex
 .preinit_array.10080
                0x1000cd3c        0x4 CMakeFiles/HW3.dir/Users/zanderchierici/.pico-sdk/sdk/2.1.1/src/rp2_common/pico_runtime_init/runtime_init.c.o
                0x1000cd3c                __pre_init_runtime_init_install_ram_vector_table
 .preinit_array.11000
                0x1000cd40        0x4 CMakeFiles/HW3.dir/Users/zanderchierici/.pico-sdk/sdk/2.1.1/src/common/pico_time/time.c.o
                0x1000cd40                __pre_init_runtime_init_default_alarm_pool
 .preinit_array.YYYYY
                0x1000cd44        0x4 CMakeFiles/HW3.dir/Users/zanderchierici/.pico-sdk/sdk/2.1.1/src/rp2_common/pico_runtime/runtime.c.o
                0x1000cd44                __pre_init_first_per_core_initializer
 .preinit_array.ZZZZZ.00051
                0x1000cd48        0x4 CMakeFiles/HW3.dir/Users/zanderchierici/.pico-sdk/sdk/2.1.1/src/rp2_common/pico_runtime_init/runtime_init.c.o
                0x1000cd48                __pre_init_runtime_init_per_core_bootrom_reset
 .preinit_array.ZZZZZ.00200
                0x1000cd4c        0x4 CMakeFiles/HW3.dir/Users/zanderchierici/.pico-sdk/sdk/2.1.1/src/rp2_common/pico_runtime_init/runtime_init.c.o
                0x1000cd4c                __pre_init_runtime_init_per_core_enable_coprocessors
 .preinit_array.ZZZZZ.01000
                0x1000cd50        0x4 CMakeFiles/HW3.dir/Users/zanderchierici/.pico-sdk/sdk/2.1.1/src/rp2_common/hardware_sync_spin_lock/sync_spin_lock.c.o
                0x1000cd50                __pre_init_spinlock_set_extexclall
 .preinit_array.ZZZZZ.01200
                0x1000cd54        0x4 CMakeFiles/HW3.dir/Users/zanderchierici/.pico-sdk/sdk/2.1.1/src/rp2_common/hardware_irq/irq.c.o
                0x1000cd54                __pre_init_runtime_init_per_core_irq_priorities
 *(.preinit_array)
                0x1000cd58                        PROVIDE (__preinit_array_end = .)
                0x1000cd58                        . = ALIGN (0x4)
                0x1000cd58                        PROVIDE (__init_array_start = .)
 *(SORT_BY_NAME(.init_array.*))
 *(.init_array)
 .init_array    0x1000cd58        0x4 /Users/zanderchierici/.pico-sdk/toolchain/14_2_Rel1/bin/../lib/gcc/arm-none-eabi/14.2.1/thumb/v8-m.main+fp/softfp/crtbegin.o
 .init_array    0x1000cd5c        0x4 CMakeFiles/HW3.dir/Users/zanderchierici/.pico-sdk/sdk/2.1.1/src/rp2_common/pico_unique_id/unique_id.c.o
                0x1000cd60                        PROVIDE (__init_array_end = .)
                0x1000cd60                        . = ALIGN (0x4)
                [!provide]                        PROVIDE (__fini_array_start = .)
 *(SORT_BY_NAME(.fini_array.*))
 *(.fini_array)
                [!provide]                        PROVIDE (__fini_array_end = .)
 *(.eh_frame*)
 .eh_frame      0x1000cd60        0x0 /Users/zanderchierici/.pico-sdk/toolchain/14_2_Rel1/bin/../lib/gcc/arm-none-eabi/14.2.1/thumb/v8-m.main+fp/softfp/crtbegin.o
                0x1000cd60                        . = ALIGN (0x4)

.glue_7         0x1000cd60        0x0
 .glue_7        0x1000cd60        0x0 linker stubs

.glue_7t        0x1000cd60        0x0
 .glue_7t       0x1000cd60        0x0 linker stubs

.vfp11_veneer   0x1000cd60        0x0
 .vfp11_veneer  0x1000cd60        0x0 linker stubs

.v4_bx          0x1000cd60        0x0
 .v4_bx         0x1000cd60        0x0 linker stubs

.iplt           0x1000cd60        0x0
 .iplt          0x1000cd60        0x0 /Users/zanderchierici/.pico-sdk/toolchain/14_2_Rel1/bin/../lib/gcc/arm-none-eabi/14.2.1/thumb/v8-m.main+fp/softfp/crtbegin.o

.boot2          0x1000cd60        0x0
                0x1000cd60                        __boot2_start__ = .
 *(.boot2)
                0x1000cd60                        __boot2_end__ = .
                0x00000001                        ASSERT (((__boot2_end__ - __boot2_start__) <= 0x100), ERROR: Pico second stage bootloader must be no more than 256 bytes in size)

.rodata         0x1000cd60     0x7448
 *(EXCLUDE_FILE(*libm.a: *libc.a:*lib_a-mem*.o *libgcc.a:) .rodata*)
 .rodata.main.str1.4
                0x1000cd60      0x3ae CMakeFiles/HW3.dir/HW3.c.o
                                 0x9e (size before relaxing)
 .rodata.panic.str1.4
                0x1000d10e       0x12 CMakeFiles/HW3.dir/Users/zanderchierici/.pico-sdk/sdk/2.1.1/src/rp2_common/pico_platform_panic/panic.c.o
 .rodata.spin_lock_claim_unused.str1.4
                0x1000d10e       0x1b CMakeFiles/HW3.dir/Users/zanderchierici/.pico-sdk/sdk/2.1.1/src/rp2_common/hardware_sync/sync.c.o
 .rodata.user_irq_claim_unused.str1.4
                0x1000d10e       0x1b CMakeFiles/HW3.dir/Users/zanderchierici/.pico-sdk/sdk/2.1.1/src/rp2_common/hardware_irq/irq.c.o
 *fill*         0x1000d10e        0x2 
 .rodata.at_the_end_of_time
                0x1000d110        0x8 CMakeFiles/HW3.dir/Users/zanderchierici/.pico-sdk/sdk/2.1.1/src/common/pico_time/time.c.o
                0x1000d110                at_the_end_of_time
 .rodata.timer_hardware_alarm_claim.str1.4
                0x1000d118       0x22 CMakeFiles/HW3.dir/Users/zanderchierici/.pico-sdk/sdk/2.1.1/src/rp2_common/hardware_timer/timer.c.o
 .rodata.hard_assertion_failure.str1.4
                0x1000d118        0xc CMakeFiles/HW3.dir/Users/zanderchierici/.pico-sdk/sdk/2.1.1/src/rp2_common/pico_runtime/runtime.c.o
 .rodata.__wrap_malloc.str1.4
                0x1000d118        0xe CMakeFiles/HW3.dir/Users/zanderchierici/.pico-sdk/sdk/2.1.1/src/rp2_common/pico_malloc/malloc.c.o
 .rodata.str1.4
                0x1000d118       0x3c CMakeFiles/HW3.dir/Users/zanderchierici/.pico-sdk/sdk/2.1.1/src/rp2_common/pico_standard_binary_info/standard_binary_info.c.o
 .rodata.__bi_84
                0x1000d118        0xc CMakeFiles/HW3.dir/Users/zanderchierici/.pico-sdk/sdk/2.1.1/src/rp2_common/pico_standard_binary_info/standard_binary_info.c.o
 .rodata.__bi_78
                0x1000d124        0xc CMakeFiles/HW3.dir/Users/zanderchierici/.pico-sdk/sdk/2.1.1/src/rp2_common/pico_standard_binary_info/standard_binary_info.c.o
 .rodata.__bi_60
                0x1000d130        0xc CMakeFiles/HW3.dir/Users/zanderchierici/.pico-sdk/sdk/2.1.1/src/rp2_common/pico_standard_binary_info/standard_binary_info.c.o
 .rodata.__bi_54
                0x1000d13c        0xc CMakeFiles/HW3.dir/Users/zanderchierici/.pico-sdk/sdk/2.1.1/src/rp2_common/pico_standard_binary_info/standard_binary_info.c.o
 .rodata.__bi_48
                0x1000d148        0xc CMakeFiles/HW3.dir/Users/zanderchierici/.pico-sdk/sdk/2.1.1/src/rp2_common/pico_standard_binary_info/standard_binary_info.c.o
 .rodata.__bi_42
                0x1000d154        0xc CMakeFiles/HW3.dir/Users/zanderchierici/.pico-sdk/sdk/2.1.1/src/rp2_common/pico_standard_binary_info/standard_binary_info.c.o
 .rodata.__bi_34
                0x1000d160        0xc CMakeFiles/HW3.dir/Users/zanderchierici/.pico-sdk/sdk/2.1.1/src/rp2_common/pico_standard_binary_info/standard_binary_info.c.o
 .rodata.__bi_26
                0x1000d16c        0xc CMakeFiles/HW3.dir/Users/zanderchierici/.pico-sdk/sdk/2.1.1/src/rp2_common/pico_standard_binary_info/standard_binary_info.c.o
 .rodata._ftoa.str1.4
                0x1000d178       0x15 CMakeFiles/HW3.dir/Users/zanderchierici/.pico-sdk/sdk/2.1.1/src/rp2_common/pico_printf/printf.c.o
 .rodata.pow10.0
                0x1000d178       0x50 CMakeFiles/HW3.dir/Users/zanderchierici/.pico-sdk/sdk/2.1.1/src/rp2_common/pico_printf/printf.c.o
 .rodata.__assert_func.str1.4
                0x1000d1c8       0x43 CMakeFiles/HW3.dir/Users/zanderchierici/.pico-sdk/sdk/2.1.1/src/rp2_common/pico_clib_interface/newlib_interface.c.o
 .rodata.crlf_str.0
                0x1000d1c8        0x2 CMakeFiles/HW3.dir/Users/zanderchierici/.pico-sdk/sdk/2.1.1/src/rp2_common/pico_stdio/stdio.c.o
 *fill*         0x1000d1ca        0x2 
 .rodata._resetd_driver
                0x1000d1cc       0x20 CMakeFiles/HW3.dir/Users/zanderchierici/.pico-sdk/sdk/2.1.1/src/rp2_common/pico_stdio_usb/reset_interface.c.o
 .rodata.desc_ms_os_20
                0x1000d1ec       0xa6 CMakeFiles/HW3.dir/Users/zanderchierici/.pico-sdk/sdk/2.1.1/src/rp2_common/pico_stdio_usb/reset_interface.c.o
 *fill*         0x1000d292        0x2 
 .rodata.desc_bos
                0x1000d294       0x21 CMakeFiles/HW3.dir/Users/zanderchierici/.pico-sdk/sdk/2.1.1/src/rp2_common/pico_stdio_usb/reset_interface.c.o
                0x1000d294                desc_bos
 .rodata.str1.4
                0x1000d2b5       0x13 CMakeFiles/HW3.dir/Users/zanderchierici/.pico-sdk/sdk/2.1.1/src/rp2_common/pico_stdio_usb/stdio_usb.c.o
 *fill*         0x1000d2b5        0x3 
 .rodata.__bi_197.0
                0x1000d2b8        0xc CMakeFiles/HW3.dir/Users/zanderchierici/.pico-sdk/sdk/2.1.1/src/rp2_common/pico_stdio_usb/stdio_usb.c.o
 .rodata.str1.4
                0x1000d2c4       0x2a CMakeFiles/HW3.dir/Users/zanderchierici/.pico-sdk/sdk/2.1.1/src/rp2_common/pico_stdio_usb/stdio_usb_descriptors.c.o
 .rodata.usbd_desc_str
                0x1000d2c4       0x18 CMakeFiles/HW3.dir/Users/zanderchierici/.pico-sdk/sdk/2.1.1/src/rp2_common/pico_stdio_usb/stdio_usb_descriptors.c.o
 .rodata.usbd_desc_cfg
                0x1000d2dc       0x54 CMakeFiles/HW3.dir/Users/zanderchierici/.pico-sdk/sdk/2.1.1/src/rp2_common/pico_stdio_usb/stdio_usb_descriptors.c.o
 .rodata.usbd_desc_device
                0x1000d330       0x12 CMakeFiles/HW3.dir/Users/zanderchierici/.pico-sdk/sdk/2.1.1/src/rp2_common/pico_stdio_usb/stdio_usb_descriptors.c.o
 .rodata.str1.4
                0x1000d342       0x14 CMakeFiles/HW3.dir/Users/zanderchierici/.pico-sdk/sdk/2.1.1/lib/tinyusb/src/portable/raspberrypi/rp2040/dcd_rp2040.c.o
 .rodata.str1.4
                0x1000d342       0x48 CMakeFiles/HW3.dir/Users/zanderchierici/.pico-sdk/sdk/2.1.1/lib/tinyusb/src/portable/raspberrypi/rp2040/rp2040_usb.c.o
 *fill*         0x1000d342        0x2 
 .rodata._usbd_driver
                0x1000d344       0x40 CMakeFiles/HW3.dir/Users/zanderchierici/.pico-sdk/sdk/2.1.1/lib/tinyusb/src/device/usbd.c.o
 .rodata.__svfscanf_r.str1.4
                0x1000d384        0x9 /Users/zanderchierici/.pico-sdk/toolchain/14_2_Rel1/bin/../lib/gcc/arm-none-eabi/14.2.1/../../../../arm-none-eabi/lib/thumb/v8-m.main+fp/softfp/libg.a(libc_a-vfscanf.o)
 .rodata.basefix.0
                0x1000d384       0x22 /Users/zanderchierici/.pico-sdk/toolchain/14_2_Rel1/bin/../lib/gcc/arm-none-eabi/14.2.1/../../../../arm-none-eabi/lib/thumb/v8-m.main+fp/softfp/libg.a(libc_a-vfscanf.o)
 .rodata._strtod_l.str1.4
                0x1000d3a6       0x15 /Users/zanderchierici/.pico-sdk/toolchain/14_2_Rel1/bin/../lib/gcc/arm-none-eabi/14.2.1/../../../../arm-none-eabi/lib/thumb/v8-m.main+fp/softfp/libg.a(libc_a-strtod.o)
 *fill*         0x1000d3a6        0x2 
 .rodata.fpinan.0