../Core/Src/main.c:84:10:read_adc	2
../Core/Src/main.c:95:6:writeINA219	1
../Core/Src/main.c:101:14:readINA219	1
../Core/Src/main.c:109:6:init_ina219	1
../Core/Src/main.c:116:7:read_ina219	1
../Core/Src/main.c:123:6:motor_off	1
../Core/Src/main.c:130:6:motor_set	2
../Core/Src/main.c:145:6:HAL_TIM_PeriodElapsedCallback	11
../Core/Src/main.c:205:5:main	5
../Core/Src/main.c:285:6:SystemClock_Config	3
../Core/Src/main.c:306:13:MX_ADC1_Init	3
../Core/Src/main.c:335:13:MX_FDCAN1_Init	2
../Core/Src/main.c:358:13:MX_I2C2_Init	4
../Core/Src/main.c:374:13:MX_TIM1_Init	6
../Core/Src/main.c:422:13:MX_TIM2_Init	4
../Core/Src/main.c:443:13:MX_GPIO_Init	1
../Core/Src/main.c:453:6:Error_Handler	1
